Component: Arm Compiler for Embedded 6.19 Tool: armlink [5e73cb00]

==============================================================================

Section Cross References

    startup_stm32g474xx.o(STACK) refers (Special) to heapauxi.o(.text) for __use_two_region_memory
    startup_stm32g474xx.o(HEAP) refers (Special) to heapauxi.o(.text) for __use_two_region_memory
    startup_stm32g474xx.o(RESET) refers (Special) to heapauxi.o(.text) for __use_two_region_memory
    startup_stm32g474xx.o(RESET) refers to startup_stm32g474xx.o(STACK) for __initial_sp
    startup_stm32g474xx.o(RESET) refers to startup_stm32g474xx.o(.text) for Reset_Handler
    startup_stm32g474xx.o(RESET) refers to stm32g4xx_it.o(.text.NMI_Handler) for NMI_Handler
    startup_stm32g474xx.o(RESET) refers to stm32g4xx_it.o(.text.HardFault_Handler) for HardFault_Handler
    startup_stm32g474xx.o(RESET) refers to stm32g4xx_it.o(.text.MemManage_Handler) for MemManage_Handler
    startup_stm32g474xx.o(RESET) refers to stm32g4xx_it.o(.text.BusFault_Handler) for BusFault_Handler
    startup_stm32g474xx.o(RESET) refers to stm32g4xx_it.o(.text.UsageFault_Handler) for UsageFault_Handler
    startup_stm32g474xx.o(RESET) refers to stm32g4xx_it.o(.text.SVC_Handler) for SVC_Handler
    startup_stm32g474xx.o(RESET) refers to stm32g4xx_it.o(.text.DebugMon_Handler) for DebugMon_Handler
    startup_stm32g474xx.o(RESET) refers to stm32g4xx_it.o(.text.PendSV_Handler) for PendSV_Handler
    startup_stm32g474xx.o(RESET) refers to stm32g4xx_it.o(.text.SysTick_Handler) for SysTick_Handler
    startup_stm32g474xx.o(RESET) refers to stm32g4xx_it.o(.text.USB_LP_IRQHandler) for USB_LP_IRQHandler
    startup_stm32g474xx.o(.text) refers (Special) to heapauxi.o(.text) for __use_two_region_memory
    startup_stm32g474xx.o(.text) refers to system_stm32g4xx.o(.text.SystemInit) for SystemInit
    startup_stm32g474xx.o(.text) refers to __main.o(!!!main) for __main
    startup_stm32g474xx.o(.text) refers to startup_stm32g474xx.o(HEAP) for Heap_Mem
    startup_stm32g474xx.o(.text) refers to startup_stm32g474xx.o(STACK) for Stack_Mem
    main.o(.text.mpu6500_delay_ms) refers to stm32g4xx_hal.o(.text.HAL_Delay) for HAL_Delay
    main.o(.ARM.exidx.text.mpu6500_delay_ms) refers to main.o(.text.mpu6500_delay_ms) for [Anonymous Symbol]
    main.o(.ARM.exidx.text.hal_spi_init) refers to main.o(.text.hal_spi_init) for [Anonymous Symbol]
    main.o(.text.hal_spi_read) refers to stm32g4xx_hal_gpio.o(.text.HAL_GPIO_WritePin) for HAL_GPIO_WritePin
    main.o(.text.hal_spi_read) refers to spi.o(.bss.hspi1) for hspi1
    main.o(.text.hal_spi_read) refers to stm32g4xx_hal_spi.o(.text.HAL_SPI_Transmit) for HAL_SPI_Transmit
    main.o(.text.hal_spi_read) refers to stm32g4xx_hal_spi.o(.text.HAL_SPI_Receive) for HAL_SPI_Receive
    main.o(.ARM.exidx.text.hal_spi_read) refers to main.o(.text.hal_spi_read) for [Anonymous Symbol]
    main.o(.text.hal_spi_write) refers to stm32g4xx_hal_gpio.o(.text.HAL_GPIO_WritePin) for HAL_GPIO_WritePin
    main.o(.text.hal_spi_write) refers to spi.o(.bss.hspi1) for hspi1
    main.o(.text.hal_spi_write) refers to stm32g4xx_hal_spi.o(.text.HAL_SPI_Transmit) for HAL_SPI_Transmit
    main.o(.ARM.exidx.text.hal_spi_write) refers to main.o(.text.hal_spi_write) for [Anonymous Symbol]
    main.o(.ARM.exidx.text.mget_ms) refers to main.o(.text.mget_ms) for [Anonymous Symbol]
    main.o(.text.delay_ms) refers to stm32g4xx_hal.o(.text.HAL_Delay) for HAL_Delay
    main.o(.ARM.exidx.text.delay_ms) refers to main.o(.text.delay_ms) for [Anonymous Symbol]
    main.o(.text.i2c_write) refers to stm32g4xx_hal_gpio.o(.text.HAL_GPIO_WritePin) for HAL_GPIO_WritePin
    main.o(.text.i2c_write) refers to spi.o(.bss.hspi1) for hspi1
    main.o(.text.i2c_write) refers to stm32g4xx_hal_spi.o(.text.HAL_SPI_Transmit) for HAL_SPI_Transmit
    main.o(.ARM.exidx.text.i2c_write) refers to main.o(.text.i2c_write) for [Anonymous Symbol]
    main.o(.text.i2c_read) refers to stm32g4xx_hal_gpio.o(.text.HAL_GPIO_WritePin) for HAL_GPIO_WritePin
    main.o(.text.i2c_read) refers to spi.o(.bss.hspi1) for hspi1
    main.o(.text.i2c_read) refers to stm32g4xx_hal_spi.o(.text.HAL_SPI_Transmit) for HAL_SPI_Transmit
    main.o(.text.i2c_read) refers to stm32g4xx_hal_spi.o(.text.HAL_SPI_Receive) for HAL_SPI_Receive
    main.o(.ARM.exidx.text.i2c_read) refers to main.o(.text.i2c_read) for [Anonymous Symbol]
    main.o(.text.usb_printf) refers to vsnprintf.o(.text) for vsnprintf
    main.o(.text.usb_printf) refers to usbd_cdc_if.o(.text.CDC_Transmit_FS) for CDC_Transmit_FS
    main.o(.ARM.exidx.text.usb_printf) refers to main.o(.text.usb_printf) for [Anonymous Symbol]
    main.o(.text.io_send) refers to stm32g4xx_hal_gpio.o(.text.HAL_GPIO_WritePin) for HAL_GPIO_WritePin
    main.o(.ARM.exidx.text.io_send) refers to main.o(.text.io_send) for [Anonymous Symbol]
    main.o(.text.io_init) refers to stm32g4xx_hal_gpio.o(.text.HAL_GPIO_WritePin) for HAL_GPIO_WritePin
[...]
    __rt_lib_init_lc_numeric_2               0x08000335   Thumb Code     0  libinit2.o(.ARM.Collect$$libinit$$00000018)
    __rt_lib_init_alloca_1                   0x0800033f   Thumb Code     0  libinit2.o(.ARM.Collect$$libinit$$00000030)
    __rt_lib_init_argv_1                     0x0800033f   Thumb Code     0  libinit2.o(.ARM.Collect$$libinit$$0000002E)
    __rt_lib_init_atexit_1                   0x0800033f   Thumb Code     0  libinit2.o(.ARM.Collect$$libinit$$0000001D)
    __rt_lib_init_clock_1                    0x0800033f   Thumb Code     0  libinit2.o(.ARM.Collect$$libinit$$00000023)
    __rt_lib_init_cpp_1                      0x0800033f   Thumb Code     0  libinit2.o(.ARM.Collect$$libinit$$00000034)
    __rt_lib_init_exceptions_1               0x0800033f   Thumb Code     0  libinit2.o(.ARM.Collect$$libinit$$00000032)
    __rt_lib_init_fp_trap_1                  0x0800033f   Thumb Code     0  libinit2.o(.ARM.Collect$$libinit$$00000021)
    __rt_lib_init_getenv_1                   0x0800033f   Thumb Code     0  libinit2.o(.ARM.Collect$$libinit$$00000025)
    __rt_lib_init_lc_numeric_1               0x0800033f   Thumb Code     0  libinit2.o(.ARM.Collect$$libinit$$00000019)
    __rt_lib_init_lc_time_1                  0x0800033f   Thumb Code     0  libinit2.o(.ARM.Collect$$libinit$$0000001B)
    __rt_lib_init_return                     0x0800033f   Thumb Code     0  libinit2.o(.ARM.Collect$$libinit$$00000035)
    __rt_lib_init_signal_1                   0x0800033f   Thumb Code     0  libinit2.o(.ARM.Collect$$libinit$$0000001F)
    __rt_lib_init_stdio_1                    0x0800033f   Thumb Code     0  libinit2.o(.ARM.Collect$$libinit$$00000027)
    __rt_lib_shutdown                        0x08000341   Thumb Code     0  libshutdown.o(.ARM.Collect$$libshutdown$$00000000)
    __rt_lib_shutdown_cpp_1                  0x08000343   Thumb Code     0  libshutdown2.o(.ARM.Collect$$libshutdown$$00000002)
    __rt_lib_shutdown_fp_trap_1              0x08000343   Thumb Code     0  libshutdown2.o(.ARM.Collect$$libshutdown$$00000007)
    __rt_lib_shutdown_heap_1                 0x08000343   Thumb Code     0  libshutdown2.o(.ARM.Collect$$libshutdown$$0000000F)
    __rt_lib_shutdown_return                 0x08000343   Thumb Code     0  libshutdown2.o(.ARM.Collect$$libshutdown$$00000010)
    __rt_lib_shutdown_signal_1               0x08000343   Thumb Code     0  libshutdown2.o(.ARM.Collect$$libshutdown$$0000000A)
    __rt_lib_shutdown_stdio_1                0x08000343   Thumb Code     0  libshutdown2.o(.ARM.Collect$$libshutdown$$00000004)
    __rt_lib_shutdown_user_alloc_1           0x08000343   Thumb Code     0  libshutdown2.o(.ARM.Collect$$libshutdown$$0000000C)
    __rt_entry                               0x08000345   Thumb Code     0  __rtentry.o(.ARM.Collect$$rtentry$$00000000)
    __rt_entry_presh_1                       0x08000345   Thumb Code     0  __rtentry2.o(.ARM.Collect$$rtentry$$00000002)
    __rt_entry_sh                            0x08000345   Thumb Code     0  __rtentry4.o(.ARM.Collect$$rtentry$$00000004)
    __rt_entry_li                            0x0800034b   Thumb Code     0  __rtentry2.o(.ARM.Collect$$rtentry$$0000000A)
    __rt_entry_postsh_1                      0x0800034b   Thumb Code     0  __rtentry2.o(.ARM.Collect$$rtentry$$00000009)
    __rt_entry_main                          0x0800034f   Thumb Code     0  __rtentry2.o(.ARM.Collect$$rtentry$$0000000D)
    __rt_entry_postli_1                      0x0800034f   Thumb Code     0  __rtentry2.o(.ARM.Collect$$rtentry$$0000000C)
    __rt_exit                                0x08000357   Thumb Code     0  rtexit.o(.ARM.Collect$$rtexit$$00000000)
    __rt_exit_ls                             0x08000359   Thumb Code     0  rtexit2.o(.ARM.Collect$$rtexit$$00000003)
    __rt_exit_prels_1                        0x08000359   Thumb Code     0  rtexit2.o(.ARM.Collect$$rtexit$$00000002)
    __rt_exit_exit                           0x0800035d   Thumb Code     0  rtexit2.o(.ARM.Collect$$rtexit$$00000004)
    Reset_Handler                            0x08000365   Thumb Code     8  startup_stm32g474xx.o(.text)
    ADC1_2_IRQHandler                        0x0800037f   Thumb Code     0  startup_stm32g474xx.o(.text)
    ADC3_IRQHandler                          0x0800037f   Thumb Code     0  startup_stm32g474xx.o(.text)
    ADC4_IRQHandler                          0x0800037f   Thumb Code     0  startup_stm32g474xx.o(.text)
    ADC5_IRQHandler                          0x0800037f   Thumb Code     0  startup_stm32g474xx.o(.text)
    COMP1_2_3_IRQHandler                     0x0800037f   Thumb Code     0  startup_stm32g474xx.o(.text)
    COMP4_5_6_IRQHandler                     0x0800037f   Thumb Code     0  startup_stm32g474xx.o(.text)
    COMP7_IRQHandler                         0x0800037f   Thumb Code     0  startup_stm32g474xx.o(.text)
    CORDIC_IRQHandler                        0x0800037f   Thumb Code     0  startup_stm32g474xx.o(.text)
    CRS_IRQHandler                           0x0800037f   Thumb Code     0  startup_stm32g474xx.o(.text)
    DMA1_Channel1_IRQHandler                 0x0800037f   Thumb Code     0  startup_stm32g474xx.o(.text)
    DMA1_Channel2_IRQHandler                 0x0800037f   Thumb Code     0  startup_stm32g474xx.o(.text)
    DMA1_Channel3_IRQHandler                 0x0800037f   Thumb Code     0  startup_stm32g474xx.o(.text)
    DMA1_Channel4_IRQHandler                 0x0800037f   Thumb Code     0  startup_stm32g474xx.o(.text)
    DMA1_Channel5_IRQHandler                 0x0800037f   Thumb Code     0  startup_stm32g474xx.o(.text)
    DMA1_Channel6_IRQHandler                 0x0800037f   Thumb Code     0  startup_stm32g474xx.o(.text)
    DMA1_Channel7_IRQHandler                 0x0800037f   Thumb Code     0  startup_stm32g474xx.o(.text)
    DMA1_Channel8_IRQHandler                 0x0800037f   Thumb Code     0  startup_stm32g474xx.o(.text)
    DMA2_Channel1_IRQHandler                 0x0800037f   Thumb Code     0  startup_stm32g474xx.o(.text)
    DMA2_Channel2_IRQHandler                 0x0800037f   Thumb Code     0  startup_stm32g474xx.o(.text)
    DMA2_Channel3_IRQHandler                 0x0800037f   Thumb Code     0  startup_stm32g474xx.o(.text)
    DMA2_Channel4_IRQHandler                 0x0800037f   Thumb Code     0  startup_stm32g474xx.o(.text)
    DMA2_Channel5_IRQHandler                 0x0800037f   Thumb Code     0  startup_stm32g474xx.o(.text)
    DMA2_Channel6_IRQHandler                 0x0800037f   Thumb Code     0  startup_stm32g474xx.o(.text)
    DMA2_Channel7_IRQHandler                 0x0800037f   Thumb Code     0  startup_stm32g474xx.o(.text)
    DMA2_Channel8_IRQHandler                 0x0800037f   Thumb Code     0  startup_stm32g474xx.o(.text)
    DMAMUX_OVR_IRQHandler                    0x0800037f   Thumb Code     0  startup_stm32g474xx.o(.text)
    EXTI0_IRQHandler                         0x0800037f   Thumb Code     0  startup_stm32g474xx.o(.text)
    EXTI15_10_IRQHandler                     0x0800037f   Thumb Code     0  startup_stm32g474xx.o(.text)
    EXTI1_IRQHandler                         0x0800037f   Thumb Code     0  startup_stm32g474xx.o(.text)
    EXTI2_IRQHandler                         0x0800037f   Thumb Code     0  startup_stm32g474xx.o(.text)
    EXTI3_IRQHandler                         0x0800037f   Thumb Code     0  startup_stm32g474xx.o(.text)
    EXTI4_IRQHandler                         0x0800037f   Thumb Code     0  startup_stm32g474xx.o(.text)
    EXTI9_5_IRQHandler                       0x0800037f   Thumb Code     0  startup_stm32g474xx.o(.text)
    FDCAN1_IT0_IRQHandler                    0x0800037f   Thumb Code     0  startup_stm32g474xx.o(.text)
    FDCAN1_IT1_IRQHandler                    0x0800037f   Thumb Code     0  startup_stm32g474xx.o(.text)
    FDCAN2_IT0_IRQHandler                    0x0800037f   Thumb Code     0  startup_stm32g474xx.o(.text)
    FDCAN2_IT1_IRQHandler                    0x0800037f   Thumb Code     0  startup_stm32g474xx.o(.text)
    FDCAN3_IT0_IRQHandler                    0x0800037f   Thumb Code     0  startup_stm32g474xx.o(.text)
    FDCAN3_IT1_IRQHandler                    0x0800037f   Thumb Code     0  startup_stm32g474xx.o(.text)
    FLASH_IRQHandler                         0x0800037f   Thumb Code     0  startup_stm32g474xx.o(.text)
    FMAC_IRQHandler                          0x0800037f   Thumb Code     0  startup_stm32g474xx.o(.text)
    FMC_IRQHandler                           0x0800037f   Thumb Code     0  startup_stm32g474xx.o(.text)
    FPU_IRQHandler                           0x0800037f   Thumb Code     0  startup_stm32g474xx.o(.text)
    HRTIM1_FLT_IRQHandler                    0x0800037f   Thumb Code     0  startup_stm32g474xx.o(.text)
    HRTIM1_Master_IRQHandler                 0x0800037f   Thumb Code     0  startup_stm32g474xx.o(.text)
    HRTIM1_TIMA_IRQHandler                   0x0800037f   Thumb Code     0  startup_stm32g474xx.o(.text)
    HRTIM1_TIMB_IRQHandler                   0x0800037f   Thumb Code     0  startup_stm32g474xx.o(.text)
    HRTIM1_TIMC_IRQHandler                   0x0800037f   Thumb Code     0  startup_stm32g474xx.o(.text)
    HRTIM1_TIMD_IRQHandler                   0x0800037f   Thumb Code     0  startup_stm32g474xx.o(.text)
    HRTIM1_TIME_IRQHandler                   0x0800037f   Thumb Code     0  startup_stm32g474xx.o(.text)
    HRTIM1_TIMF_IRQHandler                   0x0800037f   Thumb Code     0  startup_stm32g474xx.o(.text)
    I2C1_ER_IRQHandler                       0x0800037f   Thumb Code     0  startup_stm32g474xx.o(.text)
    I2C1_EV_IRQHandler                       0x0800037f   Thumb Code     0  startup_stm32g474xx.o(.text)
    I2C2_ER_IRQHandler                       0x0800037f   Thumb Code     0  startup_stm32g474xx.o(.text)
    I2C2_EV_IRQHandler                       0x0800037f   Thumb Code     0  startup_stm32g474xx.o(.text)
    I2C3_ER_IRQHandler                       0x0800037f   Thumb Code     0  startup_stm32g474xx.o(.text)
    I2C3_EV_IRQHandler                       0x0800037f   Thumb Code     0  startup_stm32g474xx.o(.text)
    I2C4_ER_IRQHandler                       0x0800037f   Thumb Code     0  startup_stm32g474xx.o(.text)
    I2C4_EV_IRQHandler                       0x0800037f   Thumb Code     0  startup_stm32g474xx.o(.text)
    LPTIM1_IRQHandler                        0x0800037f   Thumb Code     0  startup_stm32g474xx.o(.text)
    LPUART1_IRQHandler                       0x0800037f   Thumb Code     0  startup_stm32g474xx.o(.text)
    PVD_PVM_IRQHandler                       0x0800037f   Thumb Code     0  startup_stm32g474xx.o(.text)
    QUADSPI_IRQHandler                       0x0800037f   Thumb Code     0  startup_stm32g474xx.o(.text)
    RCC_IRQHandler                           0x0800037f   Thumb Code     0  startup_stm32g474xx.o(.text)
    RNG_IRQHandler                           0x0800037f   Thumb Code     0  startup_stm32g474xx.o(.text)
    RTC_Alarm_IRQHandler                     0x0800037f   Thumb Code     0  startup_stm32g474xx.o(.text)
    RTC_TAMP_LSECSS_IRQHandler               0x0800037f   Thumb Code     0  startup_stm32g474xx.o(.text)
    RTC_WKUP_IRQHandler                      0x0800037f   Thumb Code     0  startup_stm32g474xx.o(.text)
    SAI1_IRQHandler                          0x0800037f   Thumb Code     0  startup_stm32g474xx.o(.text)
    SPI1_IRQHandler                          0x0800037f   Thumb Code     0  startup_stm32g474xx.o(.text)
    SPI2_IRQHandler                          0x0800037f   Thumb Code     0  startup_stm32g474xx.o(.text)
    SPI3_IRQHandler                          0x0800037f   Thumb Code     0  startup_stm32g474xx.o(.text)
    SPI4_IRQHandler                          0x0800037f   Thumb Code     0  startup_stm32g474xx.o(.text)
    TIM1_BRK_TIM15_IRQHandler                0x0800037f   Thumb Code     0  startup_stm32g474xx.o(.text)
    TIM1_CC_IRQHandler                       0x0800037f   Thumb Code     0  startup_stm32g474xx.o(.text)
    TIM1_TRG_COM_TIM17_IRQHandler            0x0800037f   Thumb Code     0  startup_stm32g474xx.o(.text)
    TIM1_UP_TIM16_IRQHandler                 0x0800037f   Thumb Code     0  startup_stm32g474xx.o(.text)
    TIM20_BRK_IRQHandler                     0x0800037f   Thumb Code     0  startup_stm32g474xx.o(.text)
    TIM20_CC_IRQHandler                      0x0800037f   Thumb Code     0  startup_stm32g474xx.o(.text)
    TIM20_TRG_COM_IRQHandler                 0x0800037f   Thumb Code     0  startup_stm32g474xx.o(.text)
    TIM20_UP_IRQHandler                      0x0800037f   Thumb Code     0  startup_stm32g474xx.o(.text)
    TIM2_IRQHandler                          0x0800037f   Thumb Code     0  startup_stm32g474xx.o(.text)
    TIM3_IRQHandler                          0x0800037f   Thumb Code     0  startup_stm32g474xx.o(.text)
    TIM4_IRQHandler                          0x0800037f   Thumb Code     0  startup_stm32g474xx.o(.text)
    TIM5_IRQHandler                          0x0800037f   Thumb Code     0  startup_stm32g474xx.o(.text)
    TIM6_DAC_IRQHandler                      0x0800037f   Thumb Code     0  startup_stm32g474xx.o(.text)
    TIM7_DAC_IRQHandler                      0x0800037f   Thumb Code     0  startup_stm32g474xx.o(.text)
    TIM8_BRK_IRQHandler                      0x0800037f   Thumb Code     0  startup_stm32g474xx.o(.text)
    TIM8_CC_IRQHandler                       0x0800037f   Thumb Code     0  startup_stm32g474xx.o(.text)
    TIM8_TRG_COM_IRQHandler                  0x0800037f   Thumb Code     0  startup_stm32g474xx.o(.text)
    TIM8_UP_IRQHandler                       0x0800037f   Thumb Code     0  startup_stm32g474xx.o(.text)
    UART4_IRQHandler                         0x0800037f   Thumb Code     0  startup_stm32g474xx.o(.text)
    UART5_IRQHandler                         0x0800037f   Thumb Code     0  startup_stm32g474xx.o(.text)
    UCPD1_IRQHandler                         0x0800037f   Thumb Code     0  startup_stm32g474xx.o(.text)
    USART1_IRQHandler                        0x0800037f   Thumb Code     0  startup_stm32g474xx.o(.text)
    USART2_IRQHandler                        0x0800037f   Thumb Code     0  startup_stm32g474xx.o(.text)
    USART3_IRQHandler                        0x0800037f   Thumb Code     0  startup_stm32g474xx.o(.text)
    USBWakeUp_IRQHandler                     0x0800037f   Thumb Code     0  startup_stm32g474xx.o(.text)
    USB_HP_IRQHandler                        0x0800037f   Thumb Code     0  startup_stm32g474xx.o(.text)
    WWDG_IRQHandler                          0x0800037f   Thumb Code     0  startup_stm32g474xx.o(.text)
    __user_initial_stackheap                 0x08000381   Thumb Code     0  startup_stm32g474xx.o(.text)
    vsnprintf                                0x080003a5   Thumb Code    56  vsnprintf.o(.text)
    __aeabi_memclr4                          0x080003e1   Thumb Code     0  rt_memclr_w.o(.text)
    __aeabi_memclr8                          0x080003e1   Thumb Code     0  rt_memclr_w.o(.text)
    __rt_memclr_w                            0x080003e1   Thumb Code     0  rt_memclr_w.o(.text)
    _memset_w                                0x080003e5   Thumb Code    74  rt_memclr_w.o(.text)
    __use_two_region_memory                  0x0800042f   Thumb Code     2  heapauxi.o(.text)
    __rt_heap_escrow$2region                 0x08000431   Thumb Code     2  heapauxi.o(.text)
    __rt_heap_expand$2region                 0x08000433   Thumb Code     2  heapauxi.o(.text)
    _printf_pre_padding                      0x08000435   Thumb Code    44  _printf_pad.o(.text)
    _printf_post_padding                     0x08000461   Thumb Code    34  _printf_pad.o(.text)
    _printf_truncate_signed                  0x08000483   Thumb Code    18  _printf_truncate.o(.text)
    _printf_truncate_unsigned                0x08000495   Thumb Code    18  _printf_truncate.o(.text)
    _printf_str                              0x080004a7   Thumb Code    82  _printf_str.o(.text)
    _printf_int_dec                          0x080004f9   Thumb Code   104  _printf_dec.o(.text)
    _printf_charcount                        0x08000571   Thumb Code    40  _printf_charcount.o(.text)
    _printf_char_common                      0x080005a3   Thumb Code    32  _printf_char_common.o(.text)
    _snputc                                  0x080005c9   Thumb Code    16  _snputc.o(.text)
    _printf_wctomb                           0x080005d9   Thumb Code   182  _printf_wctomb.o(.text)
    _printf_longlong_dec                     0x08000695   Thumb Code   108  _printf_longlong_dec.o(.text)
    _printf_longlong_oct                     0x08000711   Thumb Code    68  _printf_oct_int_ll.o(.text)
    _printf_int_oct                          0x08000755   Thumb Code    24  _printf_oct_int_ll.o(.text)
    _printf_ll_oct                           0x0800076d   Thumb Code    12  _printf_oct_int_ll.o(.text)
    _printf_longlong_hex                     0x08000781   Thumb Code    86  _printf_hex_int_ll_ptr.o(.text)
    _printf_int_hex                          0x080007d7   Thumb Code    28  _printf_hex_int_ll_ptr.o(.text)
    _printf_ll_hex                           0x080007f3   Thumb Code    12  _printf_hex_int_ll_ptr.o(.text)
    _printf_hex_ptr                          0x080007ff   Thumb Code    18  _printf_hex_int_ll_ptr.o(.text)
    __printf                                 0x08000815   Thumb Code   388  __printf_flags_ss_wp.o(.text)
    _ll_udiv10                               0x0800099d   Thumb Code   138  lludiv10.o(.text)
    _printf_int_common                       0x08000a27   Thumb Code   178  _printf_intcommon.o(.text)
    _printf_fp_dec_real                      0x08000c89   Thumb Code   620  _printf_fp_dec.o(.text)
    _printf_fp_hex_real                      0x08000ef5   Thumb Code   756  _printf_fp_hex.o(.text)
    _printf_cs_common                        0x080011f1   Thumb Code    20  _printf_char.o(.text)
    _printf_char                             0x08001205   Thumb Code    16  _printf_char.o(.text)
    _printf_string                           0x08001215   Thumb Code     8  _printf_char.o(.text)
    _printf_lcs_common                       0x0800121d   Thumb Code    20  _printf_wchar.o(.text)
    _printf_wchar                            0x08001231   Thumb Code    16  _printf_wchar.o(.text)
    _printf_wstring                          0x08001241   Thumb Code     8  _printf_wchar.o(.text)
    _c16rtomb                                0x08001249   Thumb Code    72  _c16rtomb.o(.text)
    _wcrtomb                                 0x08001249   Thumb Code     0  _c16rtomb.o(.text)
    __user_setup_stackheap                   0x08001291   Thumb Code    74  sys_stackheap_outer.o(.text)
    __rt_ctype_table                         0x080012dd   Thumb Code    16  rt_ctype_table.o(.text)
    __rt_locale                              0x080012ed   Thumb Code     8  rt_locale_intlibspace.o(.text)
    _printf_fp_infnan                        0x080012f5   Thumb Code   112  _printf_fp_infnan.o(.text)
    _btod_etento                             0x08001375   Thumb Code   224  bigflt0.o(.text)
    exit                                     0x08001459   Thumb Code    18  exit.o(.text)
    __user_libspace                          0x0800146d   Thumb Code     8  libspace.o(.text)
    __user_perproc_libspace                  0x0800146d   Thumb Code     0  libspace.o(.text)
    __user_perthread_libspace                0x0800146d   Thumb Code     0  libspace.o(.text)
    strcmp                                   0x08001479   Thumb Code   124  strcmpv7em.o(.text)
    _sys_exit                                0x080014f5   Thumb Code     8  sys_exit.o(.text)
    __I$use$semihosting                      0x08001501   Thumb Code     0  use_no_semi.o(.text)
    __use_no_semihosting_swi                 0x08001501   Thumb Code     2  use_no_semi.o(.text)
    __semihosting_library_function           0x08001503   Thumb Code     0  indicate_semi.o(.text)
    BusFault_Handler                         0x08001505   Thumb Code     2  stm32g4xx_it.o(.text.BusFault_Handler)
    CDC_Transmit_FS                          0x0800155d   Thumb Code    54  usbd_cdc_if.o(.text.CDC_Transmit_FS)
    DebugMon_Handler                         0x08001595   Thumb Code     2  stm32g4xx_it.o(.text.DebugMon_Handler)
    Error_Handler                            0x08001599   Thumb Code    10  main.o(.text.Error_Handler)
    HAL_Delay                                0x080015a5   Thumb Code    40  stm32g4xx_hal.o(.text.HAL_Delay)
    HAL_GPIO_Init                            0x080015cd   Thumb Code   426  stm32g4xx_hal_gpio.o(.text.HAL_GPIO_Init)
    HAL_GPIO_WritePin                        0x08001779   Thumb Code    12  stm32g4xx_hal_gpio.o(.text.HAL_GPIO_WritePin)
    HAL_GetTick                              0x08001785   Thumb Code    12  stm32g4xx_hal.o(.text.HAL_GetTick)
    HAL_IncTick                              0x08001791   Thumb Code    26  stm32g4xx_hal.o(.text.HAL_IncTick)
    HAL_Init                                 0x080017ad   Thumb Code    30  stm32g4xx_hal.o(.text.HAL_Init)
    HAL_InitTick                             0x080017cd   Thumb Code    76  stm32g4xx_hal.o(.text.HAL_InitTick)
    HAL_MspInit                              0x08001819   Thumb Code    52  stm32g4xx_hal_msp.o(.text.HAL_MspInit)
    HAL_NVIC_EnableIRQ                       0x0800184d   Thumb Code    38  stm32g4xx_hal_cortex.o(.text.HAL_NVIC_EnableIRQ)
    HAL_NVIC_SetPriority                     0x08001875   Thumb Code    86  stm32g4xx_hal_cortex.o(.text.HAL_NVIC_SetPriority)
    HAL_NVIC_SetPriorityGrouping             0x080018cd   Thumb Code    32  stm32g4xx_hal_cortex.o(.text.HAL_NVIC_SetPriorityGrouping)
    HAL_PCDEx_ActivateLPM                    0x080018ed   Thumb Code    42  stm32g4xx_hal_pcd_ex.o(.text.HAL_PCDEx_ActivateLPM)
    HAL_PCDEx_LPM_Callback                   0x08001919   Thumb Code    82  usbd_conf.o(.text.HAL_PCDEx_LPM_Callback)
    HAL_PCDEx_PMAConfig                      0x0800196d   Thumb Code    58  stm32g4xx_hal_pcd_ex.o(.text.HAL_PCDEx_PMAConfig)
    HAL_PCD_DataInStageCallback              0x080019a9   Thumb Code    20  usbd_conf.o(.text.HAL_PCD_DataInStageCallback)
    HAL_PCD_DataOutStageCallback             0x080019bd   Thumb Code    22  usbd_conf.o(.text.HAL_PCD_DataOutStageCallback)
    HAL_PCD_EP_Close                         0x080019d5   Thumb Code    80  stm32g4xx_hal_pcd.o(.text.HAL_PCD_EP_Close)
    HAL_PCD_EP_ClrStall                      0x08001a25   Thumb Code   100  stm32g4xx_hal_pcd.o(.text.HAL_PCD_EP_ClrStall)
    HAL_PCD_EP_GetRxCount                    0x08001a89   Thumb Code    18  stm32g4xx_hal_pcd.o(.text.HAL_PCD_EP_GetRxCount)
    HAL_PCD_EP_Open                          0x08001a9d   Thumb Code   104  stm32g4xx_hal_pcd.o(.text.HAL_PCD_EP_Open)
    HAL_PCD_EP_Receive                       0x08001b05   Thumb Code    50  stm32g4xx_hal_pcd.o(.text.HAL_PCD_EP_Receive)
    HAL_PCD_EP_SetStall                      0x08001b39   Thumb Code   102  stm32g4xx_hal_pcd.o(.text.HAL_PCD_EP_SetStall)
    HAL_PCD_EP_Transmit                      0x08001ba1   Thumb Code    54  stm32g4xx_hal_pcd.o(.text.HAL_PCD_EP_Transmit)
    HAL_PCD_IRQHandler                       0x08001bd9   Thumb Code  2398  stm32g4xx_hal_pcd.o(.text.HAL_PCD_IRQHandler)
    HAL_PCD_Init                             0x08002539   Thumb Code   198  stm32g4xx_hal_pcd.o(.text.HAL_PCD_Init)
    HAL_PCD_MspInit                          0x08002601   Thumb Code   102  usbd_conf.o(.text.HAL_PCD_MspInit)
    HAL_PCD_ResetCallback                    0x08002669   Thumb Code    36  usbd_conf.o(.text.HAL_PCD_ResetCallback)
    HAL_PCD_ResumeCallback                   0x0800268d   Thumb Code    40  usbd_conf.o(.text.HAL_PCD_ResumeCallback)
    HAL_PCD_SOFCallback                      0x080026b5   Thumb Code     8  usbd_conf.o(.text.HAL_PCD_SOFCallback)
    HAL_PCD_SetAddress                       0x080026bd   Thumb Code    40  stm32g4xx_hal_pcd.o(.text.HAL_PCD_SetAddress)
    HAL_PCD_SetupStageCallback               0x080026e5   Thumb Code    14  usbd_conf.o(.text.HAL_PCD_SetupStageCallback)
    HAL_PCD_Start                            0x080026f5   Thumb Code    42  stm32g4xx_hal_pcd.o(.text.HAL_PCD_Start)
    HAL_PCD_SuspendCallback                  0x08002721   Thumb Code    38  usbd_conf.o(.text.HAL_PCD_SuspendCallback)
    HAL_PWREx_ControlVoltageScaling          0x08002749   Thumb Code   294  stm32g4xx_hal_pwr_ex.o(.text.HAL_PWREx_ControlVoltageScaling)
    HAL_PWREx_DisableUCPDDeadBattery         0x08002871   Thumb Code    18  stm32g4xx_hal_pwr_ex.o(.text.HAL_PWREx_DisableUCPDDeadBattery)
    HAL_RCCEx_PeriphCLKConfig                0x08002885   Thumb Code   726  stm32g4xx_hal_rcc_ex.o(.text.HAL_RCCEx_PeriphCLKConfig)
    HAL_RCC_ClockConfig                      0x08002b5d   Thumb Code   788  stm32g4xx_hal_rcc.o(.text.HAL_RCC_ClockConfig)
    HAL_RCC_OscConfig                        0x08002e71   Thumb Code  1200  stm32g4xx_hal_rcc.o(.text.HAL_RCC_OscConfig)
    HAL_SPI_Init                             0x08003321   Thumb Code   228  stm32g4xx_hal_spi.o(.text.HAL_SPI_Init)
    HAL_SPI_MspInit                          0x08003405   Thumb Code   100  spi.o(.text.HAL_SPI_MspInit)
    HAL_SPI_Receive                          0x08003469   Thumb Code   572  stm32g4xx_hal_spi.o(.text.HAL_SPI_Receive)
    HAL_SPI_Transmit                         0x080036a5   Thumb Code   580  stm32g4xx_hal_spi.o(.text.HAL_SPI_Transmit)
    HAL_SPI_TransmitReceive                  0x080038e9   Thumb Code   740  stm32g4xx_hal_spi.o(.text.HAL_SPI_TransmitReceive)
    HAL_SYSTICK_Config                       0x08003bcd   Thumb Code    44  stm32g4xx_hal_cortex.o(.text.HAL_SYSTICK_Config)
    HardFault_Handler                        0x08003bf9   Thumb Code     2  stm32g4xx_it.o(.text.HardFault_Handler)
    MPU6500_Init                             0x08003bfd   Thumb Code    98  mpu6500.o(.text.MPU6500_Init)
    MPU6500_get_buffer                       0x08003c61   Thumb Code   332  mpu6500.o(.text.MPU6500_get_buffer)
    MX_GPIO_Init                             0x08003dad   Thumb Code   194  gpio.o(.text.MX_GPIO_Init)
    MX_SPI1_Init                             0x08003e71   Thumb Code    82  spi.o(.text.MX_SPI1_Init)
    MX_USB_Device_Init                       0x08003ec5   Thumb Code   114  usb_device.o(.text.MX_USB_Device_Init)
    MemManage_Handler                        0x08003f39   Thumb Code     2  stm32g4xx_it.o(.text.MemManage_Handler)
    NMI_Handler                              0x08003f3d   Thumb Code     2  stm32g4xx_it.o(.text.NMI_Handler)
    PendSV_Handler                           0x08003f41   Thumb Code     2  stm32g4xx_it.o(.text.PendSV_Handler)
    SVC_Handler                              0x0800419d   Thumb Code     2  stm32g4xx_it.o(.text.SVC_Handler)
    SysTick_Handler                          0x080041a1   Thumb Code     4  stm32g4xx_it.o(.text.SysTick_Handler)
    SystemClock_Config                       0x080041a5   Thumb Code   120  main.o(.text.SystemClock_Config)
    SystemInit                               0x0800421d   Thumb Code    18  system_stm32g4xx.o(.text.SystemInit)
    USBD_CDC_ConfigStrDescriptor             0x08004231   Thumb Code    24  usbd_desc.o(.text.USBD_CDC_ConfigStrDescriptor)
    USBD_CDC_DeviceDescriptor                0x08004335   Thumb Code    14  usbd_desc.o(.text.USBD_CDC_DeviceDescriptor)
    USBD_CDC_GetDeviceQualifierDescriptor    0x08004379   Thumb Code    16  usbd_cdc.o(.text.USBD_CDC_GetDeviceQualifierDescriptor)
    USBD_CDC_InterfaceStrDescriptor          0x08004451   Thumb Code    24  usbd_desc.o(.text.USBD_CDC_InterfaceStrDescriptor)
    USBD_CDC_LangIDStrDescriptor             0x08004479   Thumb Code    14  usbd_desc.o(.text.USBD_CDC_LangIDStrDescriptor)
    USBD_CDC_ManufacturerStrDescriptor       0x08004489   Thumb Code    24  usbd_desc.o(.text.USBD_CDC_ManufacturerStrDescriptor)
    USBD_CDC_ProductStrDescriptor            0x080044b5   Thumb Code    24  usbd_desc.o(.text.USBD_CDC_ProductStrDescriptor)
    USBD_CDC_ReceivePacket                   0x080044e5   Thumb Code    44  usbd_cdc.o(.text.USBD_CDC_ReceivePacket)
    USBD_CDC_RegisterInterface               0x08004511   Thumb Code    14  usbd_cdc.o(.text.USBD_CDC_RegisterInterface)
    USBD_CDC_SerialStrDescriptor             0x08004521   Thumb Code   364  usbd_desc.o(.text.USBD_CDC_SerialStrDescriptor)
    USBD_CDC_SetRxBuffer                     0x0800468d   Thumb Code    18  usbd_cdc.o(.text.USBD_CDC_SetRxBuffer)
    USBD_CDC_SetTxBuffer                     0x080046a1   Thumb Code    22  usbd_cdc.o(.text.USBD_CDC_SetTxBuffer)
    USBD_CDC_TransmitPacket                  0x080047a9   Thumb Code    54  usbd_cdc.o(.text.USBD_CDC_TransmitPacket)
    USBD_ClrClassConfig                      0x080047e1   Thumb Code    16  usbd_core.o(.text.USBD_ClrClassConfig)
    USBD_CtlContinueRx                       0x080047f1   Thumb Code    16  usbd_ioreq.o(.text.USBD_CtlContinueRx)
    USBD_CtlContinueSendData                 0x08004801   Thumb Code    16  usbd_ioreq.o(.text.USBD_CtlContinueSendData)
    USBD_CtlError                            0x08004811   Thumb Code    22  usbd_ctlreq.o(.text.USBD_CtlError)
    USBD_CtlPrepareRx                        0x08004829   Thumb Code    26  usbd_ioreq.o(.text.USBD_CtlPrepareRx)
    USBD_CtlReceiveStatus                    0x08004845   Thumb Code    22  usbd_ioreq.o(.text.USBD_CtlReceiveStatus)
    USBD_CtlSendData                         0x0800485d   Thumb Code    26  usbd_ioreq.o(.text.USBD_CtlSendData)
    USBD_CtlSendStatus                       0x08004879   Thumb Code    22  usbd_ioreq.o(.text.USBD_CtlSendStatus)
    USBD_GetString                           0x08004891   Thumb Code   218  usbd_ctlreq.o(.text.USBD_GetString)
    USBD_Init                                0x0800496d   Thumb Code    42  usbd_core.o(.text.USBD_Init)
    USBD_LL_ClearStallEP                     0x08004999   Thumb Code    34  usbd_conf.o(.text.USBD_LL_ClearStallEP)
    USBD_LL_CloseEP                          0x080049bd   Thumb Code    34  usbd_conf.o(.text.USBD_LL_CloseEP)
    USBD_LL_DataInStage                      0x080049e1   Thumb Code   168  usbd_core.o(.text.USBD_LL_DataInStage)
    USBD_LL_DataOutStage                     0x08004a89   Thumb Code   110  usbd_core.o(.text.USBD_LL_DataOutStage)
    USBD_LL_GetRxDataSize                    0x08004af9   Thumb Code     8  usbd_conf.o(.text.USBD_LL_GetRxDataSize)
    USBD_LL_Init                             0x08004b01   Thumb Code   138  usbd_conf.o(.text.USBD_LL_Init)
    USBD_LL_IsStallEP                        0x08004b8d   Thumb Code    34  usbd_conf.o(.text.USBD_LL_IsStallEP)
    USBD_LL_OpenEP                           0x08004bb1   Thumb Code    40  usbd_conf.o(.text.USBD_LL_OpenEP)
    USBD_LL_PrepareReceive                   0x08004bd9   Thumb Code    34  usbd_conf.o(.text.USBD_LL_PrepareReceive)
    USBD_LL_Reset                            0x08004bfd   Thumb Code   104  usbd_core.o(.text.USBD_LL_Reset)
    USBD_LL_Resume                           0x08004c65   Thumb Code    20  usbd_core.o(.text.USBD_LL_Resume)
    USBD_LL_SOF                              0x08004c79   Thumb Code    32  usbd_core.o(.text.USBD_LL_SOF)
    USBD_LL_SetSpeed                         0x08004c99   Thumb Code     8  usbd_core.o(.text.USBD_LL_SetSpeed)
    USBD_LL_SetUSBAddress                    0x08004ca1   Thumb Code    34  usbd_conf.o(.text.USBD_LL_SetUSBAddress)
    USBD_LL_SetupStage                       0x08004cc5   Thumb Code    98  usbd_core.o(.text.USBD_LL_SetupStage)
    USBD_LL_StallEP                          0x08004d29   Thumb Code    34  usbd_conf.o(.text.USBD_LL_StallEP)
    USBD_LL_Start                            0x08004d4d   Thumb Code    34  usbd_conf.o(.text.USBD_LL_Start)
    USBD_LL_Suspend                          0x08004d71   Thumb Code    20  usbd_core.o(.text.USBD_LL_Suspend)
    USBD_LL_Transmit                         0x08004d85   Thumb Code    34  usbd_conf.o(.text.USBD_LL_Transmit)
    USBD_ParseSetupRequest                   0x08004da9   Thumb Code    22  usbd_ctlreq.o(.text.USBD_ParseSetupRequest)
    USBD_RegisterClass                       0x08004dc1   Thumb Code    46  usbd_core.o(.text.USBD_RegisterClass)
    USBD_SetClassConfig                      0x08004df1   Thumb Code    16  usbd_core.o(.text.USBD_SetClassConfig)
    USBD_Start                               0x08004e01   Thumb Code     4  usbd_core.o(.text.USBD_Start)
    USBD_StdDevReq                           0x08004e05   Thumb Code   884  usbd_ctlreq.o(.text.USBD_StdDevReq)
    USBD_StdEPReq                            0x08005179   Thumb Code   326  usbd_ctlreq.o(.text.USBD_StdEPReq)
    USBD_StdItfReq                           0x080052c1   Thumb Code   122  usbd_ctlreq.o(.text.USBD_StdItfReq)
    USBD_static_free                         0x0800533d   Thumb Code     2  usbd_conf.o(.text.USBD_static_free)
    USBD_static_malloc                       0x08005341   Thumb Code    10  usbd_conf.o(.text.USBD_static_malloc)
    USB_ActivateEndpoint                     0x0800534d   Thumb Code   550  stm32g4xx_ll_usb.o(.text.USB_ActivateEndpoint)
    USB_DeactivateEndpoint                   0x08005575   Thumb Code   226  stm32g4xx_ll_usb.o(.text.USB_DeactivateEndpoint)
    USB_DevConnect                           0x08005659   Thumb Code    18  stm32g4xx_ll_usb.o(.text.USB_DevConnect)
    USB_DevInit                              0x0800566d   Thumb Code    26  stm32g4xx_ll_usb.o(.text.USB_DevInit)
    USB_DisableGlobalInt                     0x08005689   Thumb Code    20  stm32g4xx_ll_usb.o(.text.USB_DisableGlobalInt)
    USB_EPClearStall                         0x0800569d   Thumb Code   124  stm32g4xx_ll_usb.o(.text.USB_EPClearStall)
    USB_EPSetStall                           0x08005719   Thumb Code    50  stm32g4xx_ll_usb.o(.text.USB_EPSetStall)
    USB_EPStartXfer                          0x0800574d   Thumb Code  2106  stm32g4xx_ll_usb.o(.text.USB_EPStartXfer)
    USB_EnableGlobalInt                      0x08005f89   Thumb Code    20  stm32g4xx_ll_usb.o(.text.USB_EnableGlobalInt)
    USB_LP_IRQHandler                        0x08005f9d   Thumb Code    12  stm32g4xx_it.o(.text.USB_LP_IRQHandler)
    USB_ReadInterrupts                       0x08005fa9   Thumb Code     6  stm32g4xx_ll_usb.o(.text.USB_ReadInterrupts)
    USB_ReadPMA                              0x08005fb1   Thumb Code   156  stm32g4xx_ll_usb.o(.text.USB_ReadPMA)
    USB_SetDevAddress                        0x0800604d   Thumb Code    14  stm32g4xx_ll_usb.o(.text.USB_SetDevAddress)
    USB_WritePMA                             0x0800605d   Thumb Code   130  stm32g4xx_ll_usb.o(.text.USB_WritePMA)
    UsageFault_Handler                       0x080060e1   Thumb Code     2  stm32g4xx_it.o(.text.UsageFault_Handler)
    hal_spi_init                             0x080060e5   Thumb Code     2  main.o(.text.hal_spi_init)
    hal_spi_read                             0x080060e9   Thumb Code    82  main.o(.text.hal_spi_read)
    hal_spi_write                            0x0800613d   Thumb Code    78  main.o(.text.hal_spi_write)
    main                                     0x08006191   Thumb Code   424  main.o(.text.main)
    mpu6500_delay_ms                         0x08006381   Thumb Code     4  main.o(.text.mpu6500_delay_ms)
    usb_printf                               0x08006385   Thumb Code    62  main.o(.text.usb_printf)
    _btod_d2e                                0x080063c3   Thumb Code    62  btod.o(CL$$btod_d2e)
    _d2e_denorm_low                          0x08006401   Thumb Code    70  btod.o(CL$$btod_d2e_denorm_low)
    _d2e_norm_op1                            0x08006447   Thumb Code    96  btod.o(CL$$btod_d2e_norm_op1)
    __btod_div_common                        0x080064a9   Thumb Code   696  btod.o(CL$$btod_div_common)
    _e2e                                     0x080067e1   Thumb Code   220  btod.o(CL$$btod_e2e)
    _btod_ediv                               0x080068bd   Thumb Code    42  btod.o(CL$$btod_ediv)
    _btod_emul                               0x080068e7   Thumb Code    42  btod.o(CL$$btod_emul)
    __btod_mult_common                       0x08006911   Thumb Code   580  btod.o(CL$$btod_mult_common)
    __ARM_fpclassify                         0x08006b55   Thumb Code    48  fpclassify.o(i.__ARM_fpclassify)
    _is_digit                                0x08006b85   Thumb Code    14  __printf_wp.o(i._is_digit)
    _get_lc_numeric                          0x08006b95   Thumb Code    44  lc_numeric_c.o(locale$$code)
    _get_lc_ctype                            0x08006bc1   Thumb Code    44  lc_ctype_c.o(locale$$code)
    __fpl_dcmp_Inf                           0x08006bed   Thumb Code    24  dcmpi.o(x$fpl$dcmpinf)
    __aeabi_cdcmpeq                          0x08006c05   Thumb Code     0  deqf.o(x$fpl$deqf)
    _dcmpeq                                  0x08006c05   Thumb Code   120  deqf.o(x$fpl$deqf)
    __aeabi_cdcmpge                          0x08006c7d   Thumb Code     0  dgeqf.o(x$fpl$dgeqf)
    _dcmpge                                  0x08006c7d   Thumb Code   120  dgeqf.o(x$fpl$dgeqf)
    __aeabi_cdcmple                          0x08006cf5   Thumb Code     0  dleqf.o(x$fpl$dleqf)
    _dcmple                                  0x08006cf5   Thumb Code   120  dleqf.o(x$fpl$dleqf)
    __fpl_dcmple_InfNaN                      0x08006d57   Thumb Code     0  dleqf.o(x$fpl$dleqf)
    __fpl_dnaninf                            0x08006d6d   Thumb Code   156  dnaninf.o(x$fpl$dnaninf)
    __fpl_dretinf                            0x08006e09   Thumb Code    12  dretinf.o(x$fpl$dretinf)
    __aeabi_f2d                              0x08006e15   Thumb Code     0  f2d.o(x$fpl$f2d)
    _f2d                                     0x08006e15   Thumb Code    86  f2d.o(x$fpl$f2d)
    __aeabi_dcmpeq                           0x08006e6b   Thumb Code     0  dcmp.o(x$fpl$fcmp)
    _deq                                     0x08006e6b   Thumb Code    14  dcmp.o(x$fpl$fcmp)
    _dneq                                    0x08006e79   Thumb Code    14  dcmp.o(x$fpl$fcmp)
    __aeabi_dcmpgt                           0x08006e87   Thumb Code     0  dcmp.o(x$fpl$fcmp)
    _dgr                                     0x08006e87   Thumb Code    14  dcmp.o(x$fpl$fcmp)
    __aeabi_dcmpge                           0x08006e95   Thumb Code     0  dcmp.o(x$fpl$fcmp)
    _dgeq                                    0x08006e95   Thumb Code    14  dcmp.o(x$fpl$fcmp)
    __aeabi_dcmple                           0x08006ea3   Thumb Code     0  dcmp.o(x$fpl$fcmp)
    _dleq                                    0x08006ea3   Thumb Code    14  dcmp.o(x$fpl$fcmp)
    __aeabi_dcmplt                           0x08006eb1   Thumb Code     0  dcmp.o(x$fpl$fcmp)
    _dls                                     0x08006eb1   Thumb Code    14  dcmp.o(x$fpl$fcmp)
    __fpl_fnaninf                            0x08006ebf   Thumb Code   140  fnaninf.o(x$fpl$fnaninf)
    _fp_init                                 0x08006f4b   Thumb Code    26  fpinit.o(x$fpl$fpinit)
    __fplib_config_fpu_vfp                   0x08006f63   Thumb Code     0  fpinit.o(x$fpl$fpinit)
    __fplib_config_pureend_doubles           0x08006f63   Thumb Code     0  fpinit.o(x$fpl$fpinit)
    _printf_fp_dec                           0x08006f65   Thumb Code     4  printf1.o(x$fpl$printf1)
    _printf_fp_hex                           0x08006f69   Thumb Code     4  printf2.o(x$fpl$printf2)
    __I$use$fp                               0x08006f6c   Number         0  usenofp.o(x$fpl$usenofp)
    AHBPrescTable                            0x08007068   Data          16  system_stm32g4xx.o(.rodata.AHBPrescTable)
    Region$$Table$$Base                      0x08007078   Number         0  anon$$obj.o(Region$$Table)
    Region$$Table$$Limit                     0x08007098   Number         0  anon$$obj.o(Region$$Table)
    __ctype                                  0x080070c1   Data           0  lc_ctype_c.o(locale$$data)
    uwTickPrio                               0x20000000   Data           4  stm32g4xx_hal.o(.data..L_MergedGlobals)
    uwTickFreq                               0x20000004   Data           4  stm32g4xx_hal.o(.data..L_MergedGlobals)
    CDC_Desc                                 0x20000008   Data          32  usbd_desc.o(.data.CDC_Desc)
    SystemCoreClock                          0x20000028   Data           4  system_stm32g4xx.o(.data.SystemCoreClock)
    USBD_CDC                                 0x2000002c   Data          56  usbd_cdc.o(.data.USBD_CDC)
    USBD_CDC_DeviceDesc                      0x200000ec   Data          18  usbd_desc.o(.data.USBD_CDC_DeviceDesc)
    USBD_Interface_fops_FS                   0x20000150   Data          20  usbd_cdc_if.o(.data.USBD_Interface_fops_FS)
    USBD_LangIDDesc                          0x20000164   Data           4  usbd_desc.o(.data.USBD_LangIDDesc)
    USBD_StringSerial                        0x20000168   Data          26  usbd_desc.o(.data.USBD_StringSerial)
    __libspace_start                         0x20000188   Data          96  libspace.o(.bss)
    __temporary_stack_top$libspace           0x200001e8   Data           0  libspace.o(.bss)
    g                                        0x200001e8   Data           4  main.o(.bss..L_MergedGlobals)
    att                                      0x200001ec   Data           4  main.o(.bss..L_MergedGlobals)
    USBD_StrDesc                             0x2000020c   Data         512  usbd_desc.o(.bss.USBD_StrDesc)
    UserRxBufferFS                           0x2000062c   Data        2048  usbd_cdc_if.o(.bss.UserRxBufferFS)
    UserTxBufferFS                           0x20000e2c   Data        2048  usbd_cdc_if.o(.bss.UserTxBufferFS)
    hUsbDeviceFS                             0x2000162c   Data         720  usb_device.o(.bss.hUsbDeviceFS)
    hpcd_USB_FS                              0x200018fc   Data         756  usbd_conf.o(.bss.hpcd_USB_FS)
    hspi1                                    0x20001bf0   Data         100  spi.o(.bss.hspi1)
    uwTick                                   0x20001c54   Data           4  stm32g4xx_hal.o(.bss.uwTick)



==============================================================================

Memory Map of the image

  Image Entry point : 0x080001d9

  Load Region LR_IROM1 (Base: 0x08000000, Size: 0x00007350, Max: 0x00080000, ABSOLUTE, COMPRESSED[0x00007290])

    Execution Region ER_IROM1 (Exec base: 0x08000000, Load base: 0x08000000, Size: 0x000071c4, Max: 0x00080000, ABSOLUTE)

    Exec Addr    Load Addr    Size         Type   Attr      Idx    E Section Name        Object

    0x08000000   0x08000000   0x000001d8   Data   RO            3    RESET               startup_stm32g474xx.o
    0x080001d8   0x080001d8   0x00000008   Code   RO         1190  * !!!main             c_w.l(__main.o)
    0x080001e0   0x080001e0   0x00000034   Code   RO         1547    !!!scatter          c_w.l(__scatter.o)
    0x08000214   0x08000214   0x0000005a   Code   RO         1545    !!dczerorl2         c_w.l(__dczerorl2.o)
    0x0800026e   0x0800026e   0x00000002   PAD
    0x08000270   0x08000270   0x0000001c   Code   RO         1549    !!handler_zi        c_w.l(__scatter_zi.o)
    0x0800028c   0x0800028c   0x00000000   Code   RO         1278    .ARM.Collect$$_printf_percent$$00000000  c_w.l(_printf_percent.o)
    0x0800028c   0x0800028c   0x00000006   Code   RO         1267    .ARM.Collect$$_printf_percent$$00000001  c_w.l(_printf_n.o)
    0x08000292   0x08000292   0x00000006   Code   RO         1269    .ARM.Collect$$_printf_percent$$00000002  c_w.l(_printf_p.o)
    0x08000298   0x08000298   0x00000006   Code   RO         1274    .ARM.Collect$$_printf_percent$$00000003  c_w.l(_printf_f.o)
    0x0800029e   0x0800029e   0x00000006   Code   RO         1275    .ARM.Collect$$_printf_percent$$00000004  c_w.l(_printf_e.o)
    0x080002a4   0x080002a4   0x00000006   Code   RO         1276    .ARM.Collect$$_printf_percent$$00000005  c_w.l(_printf_g.o)
    0x080002aa   0x080002aa   0x00000006   Code   RO         1277    .ARM.Collect$$_printf_percent$$00000006  c_w.l(_printf_a.o)
    0x080002b0   0x080002b0   0x0000000a   Code   RO         1282    .ARM.Collect$$_printf_percent$$00000007  c_w.l(_printf_ll.o)
    0x080002ba   0x080002ba   0x00000006   Code   RO         1271    .ARM.Collect$$_printf_percent$$00000008  c_w.l(_printf_i.o)
    0x080002c0   0x080002c0   0x00000006   Code   RO         1272    .ARM.Collect$$_printf_percent$$00000009  c_w.l(_printf_d.o)
    0x080002c6   0x080002c6   0x00000006   Code   RO         1273    .ARM.Collect$$_printf_percent$$0000000A  c_w.l(_printf_u.o)
    0x080002cc   0x080002cc   0x00000006   Code   RO         1270    .ARM.Collect$$_printf_percent$$0000000B  c_w.l(_printf_o.o)
    0x080002d2   0x080002d2   0x00000006   Code   RO         1268    .ARM.Collect$$_printf_percent$$0000000C  c_w.l(_printf_x.o)
    0x080002d8   0x080002d8   0x00000006   Code   RO         1279    .ARM.Collect$$_printf_percent$$0000000D  c_w.l(_printf_lli.o)
    0x080002de   0x080002de   0x00000006   Code   RO         1280    .ARM.Collect$$_printf_percent$$0000000E  c_w.l(_printf_lld.o)
    0x080002e4   0x080002e4   0x00000006   Code   RO         1281    .ARM.Collect$$_printf_percent$$0000000F  c_w.l(_printf_llu.o)
    0x080002ea   0x080002ea   0x00000006   Code   RO         1286    .ARM.Collect$$_printf_percent$$00000010  c_w.l(_printf_llo.o)
    0x080002f0   0x080002f0   0x00000006   Code   RO         1287    .ARM.Collect$$_printf_percent$$00000011  c_w.l(_printf_llx.o)
    0x080002f6   0x080002f6   0x0000000a   Code   RO         1283    .ARM.Collect$$_printf_percent$$00000012  c_w.l(_printf_l.o)
    0x08000300   0x08000300   0x00000006   Code   RO         1265    .ARM.Collect$$_printf_percent$$00000013  c_w.l(_printf_c.o)
    0x08000306   0x08000306   0x00000006   Code   RO         1266    .ARM.Collect$$_printf_percent$$00000014  c_w.l(_printf_s.o)
    0x0800030c   0x0800030c   0x00000006   Code   RO         1284    .ARM.Collect$$_printf_percent$$00000015  c_w.l(_printf_lc.o)
    0x08000312   0x08000312   0x00000006   Code   RO         1285    .ARM.Collect$$_printf_percent$$00000016  c_w.l(_printf_ls.o)
    0x08000318   0x08000318   0x00000004   Code   RO         1339    .ARM.Collect$$_printf_percent$$00000017  c_w.l(_printf_percent_end.o)
    0x0800031c   0x0800031c   0x00000002   Code   RO         1394    .ARM.Collect$$libinit$$00000000  c_w.l(libinit.o)
    0x0800031e   0x0800031e   0x00000004   Code   RO         1411    .ARM.Collect$$libinit$$00000001  c_w.l(libinit2.o)
    0x08000322   0x08000322   0x00000000   Code   RO         1414    .ARM.Collect$$libinit$$00000004  c_w.l(libinit2.o)
    0x08000322   0x08000322   0x00000000   Code   RO         1416    .ARM.Collect$$libinit$$00000006  c_w.l(libinit2.o)
    0x08000322   0x08000322   0x00000000   Code   RO         1419    .ARM.Collect$$libinit$$0000000C  c_w.l(libinit2.o)
    0x08000322   0x08000322   0x00000000   Code   RO         1421    .ARM.Collect$$libinit$$0000000E  c_w.l(libinit2.o)
    0x08000322   0x08000322   0x00000000   Code   RO         1423    .ARM.Collect$$libinit$$00000010  c_w.l(libinit2.o)
    0x08000322   0x08000322   0x00000006   Code   RO         1424    .ARM.Collect$$libinit$$00000011  c_w.l(libinit2.o)
    0x08000328   0x08000328   0x00000000   Code   RO         1426    .ARM.Collect$$libinit$$00000013  c_w.l(libinit2.o)
    0x08000328   0x08000328   0x0000000c   Code   RO         1427    .ARM.Collect$$libinit$$00000014  c_w.l(libinit2.o)
    0x08000334   0x08000334   0x00000000   Code   RO         1428    .ARM.Collect$$libinit$$00000015  c_w.l(libinit2.o)
    0x08000334   0x08000334   0x00000000   Code   RO         1430    .ARM.Collect$$libinit$$00000017  c_w.l(libinit2.o)
    0x08000334   0x08000334   0x0000000a   Code   RO         1431    .ARM.Collect$$libinit$$00000018  c_w.l(libinit2.o)
    0x0800033e   0x0800033e   0x00000000   Code   RO         1432    .ARM.Collect$$libinit$$00000019  c_w.l(libinit2.o)
    0x0800033e   0x0800033e   0x00000000   Code   RO         1434    .ARM.Collect$$libinit$$0000001B  c_w.l(libinit2.o)
    0x0800033e   0x0800033e   0x00000000   Code   RO         1436    .ARM.Collect$$libinit$$0000001D  c_w.l(libinit2.o)
    0x0800033e   0x0800033e   0x00000000   Code   RO         1438    .ARM.Collect$$libinit$$0000001F  c_w.l(libinit2.o)
    0x0800033e   0x0800033e   0x00000000   Code   RO         1440    .ARM.Collect$$libinit$$00000021  c_w.l(libinit2.o)
    0x0800033e   0x0800033e   0x00000000   Code   RO         1442    .ARM.Collect$$libinit$$00000023  c_w.l(libinit2.o)
    0x0800033e   0x0800033e   0x00000000   Code   RO         1444    .ARM.Collect$$libinit$$00000025  c_w.l(libinit2.o)
    0x0800033e   0x0800033e   0x00000000   Code   RO         1446    .ARM.Collect$$libinit$$00000027  c_w.l(libinit2.o)
    0x0800033e   0x0800033e   0x00000000   Code   RO         1450    .ARM.Collect$$libinit$$0000002E  c_w.l(libinit2.o)
    0x0800033e   0x0800033e   0x00000000   Code   RO         1452    .ARM.Collect$$libinit$$00000030  c_w.l(libinit2.o)
    0x0800033e   0x0800033e   0x00000000   Code   RO         1454    .ARM.Collect$$libinit$$00000032  c_w.l(libinit2.o)
    0x0800033e   0x0800033e   0x00000000   Code   RO         1456    .ARM.Collect$$libinit$$00000034  c_w.l(libinit2.o)
    0x0800033e   0x0800033e   0x00000002   Code   RO         1457    .ARM.Collect$$libinit$$00000035  c_w.l(libinit2.o)
    0x08000340   0x08000340   0x00000002   Code   RO         1481    .ARM.Collect$$libshutdown$$00000000  c_w.l(libshutdown.o)
    0x08000342   0x08000342   0x00000000   Code   RO         1496    .ARM.Collect$$libshutdown$$00000002  c_w.l(libshutdown2.o)
    0x08000342   0x08000342   0x00000000   Code   RO         1498    .ARM.Collect$$libshutdown$$00000004  c_w.l(libshutdown2.o)
    0x08000342   0x08000342   0x00000000   Code   RO         1501    .ARM.Collect$$libshutdown$$00000007  c_w.l(libshutdown2.o)
    0x08000342   0x08000342   0x00000000   Code   RO         1504    .ARM.Collect$$libshutdown$$0000000A  c_w.l(libshutdown2.o)
    0x08000342   0x08000342   0x00000000   Code   RO         1506    .ARM.Collect$$libshutdown$$0000000C  c_w.l(libshutdown2.o)
    0x08000342   0x08000342   0x00000000   Code   RO         1509    .ARM.Collect$$libshutdown$$0000000F  c_w.l(libshutdown2.o)
    0x08000342   0x08000342   0x00000002   Code   RO         1510    .ARM.Collect$$libshutdown$$00000010  c_w.l(libshutdown2.o)
    0x08000344   0x08000344   0x00000000   Code   RO         1196    .ARM.Collect$$rtentry$$00000000  c_w.l(__rtentry.o)
    0x08000344   0x08000344   0x00000000   Code   RO         1308    .ARM.Collect$$rtentry$$00000002  c_w.l(__rtentry2.o)
    0x08000344   0x08000344   0x00000006   Code   RO         1320    .ARM.Collect$$rtentry$$00000004  c_w.l(__rtentry4.o)
    0x0800034a   0x0800034a   0x00000000   Code   RO         1310    .ARM.Collect$$rtentry$$00000009  c_w.l(__rtentry2.o)
    0x0800034a   0x0800034a   0x00000004   Code   RO         1311    .ARM.Collect$$rtentry$$0000000A  c_w.l(__rtentry2.o)
    0x0800034e   0x0800034e   0x00000000   Code   RO         1313    .ARM.Collect$$rtentry$$0000000C  c_w.l(__rtentry2.o)
    0x0800034e   0x0800034e   0x00000008   Code   RO         1314    .ARM.Collect$$rtentry$$0000000D  c_w.l(__rtentry2.o)
    0x08000356   0x08000356   0x00000002   Code   RO         1402    .ARM.Collect$$rtexit$$00000000  c_w.l(rtexit.o)
    0x08000358   0x08000358   0x00000000   Code   RO         1459    .ARM.Collect$$rtexit$$00000002  c_w.l(rtexit2.o)
    0x08000358   0x08000358   0x00000004   Code   RO         1460    .ARM.Collect$$rtexit$$00000003  c_w.l(rtexit2.o)
    0x0800035c   0x0800035c   0x00000006   Code   RO         1461    .ARM.Collect$$rtexit$$00000004  c_w.l(rtexit2.o)
    0x08000362   0x08000362   0x00000002   PAD
    0x08000364   0x08000364   0x00000040   Code   RO            4    .text               startup_stm32g474xx.o
    0x080003a4   0x080003a4   0x0000003c   Code   RO         1184    .text               c_w.l(vsnprintf.o)
    0x080003e0   0x080003e0   0x0000004e   Code   RO         1186    .text               c_w.l(rt_memclr_w.o)
    0x0800042e   0x0800042e   0x00000006   Code   RO         1188    .text               c_w.l(heapauxi.o)
    0x08000434   0x08000434   0x0000004e   Code   RO         1199    .text               c_w.l(_printf_pad.o)
    0x08000482   0x08000482   0x00000024   Code   RO         1201    .text               c_w.l(_printf_truncate.o)
    0x080004a6   0x080004a6   0x00000052   Code   RO         1203    .text               c_w.l(_printf_str.o)
    0x080004f8   0x080004f8   0x00000078   Code   RO         1205    .text               c_w.l(_printf_dec.o)
    0x08000570   0x08000570   0x00000028   Code   RO         1207    .text               c_w.l(_printf_charcount.o)
    0x08000598   0x08000598   0x00000030   Code   RO         1209    .text               c_w.l(_printf_char_common.o)
    0x080005c8   0x080005c8   0x00000010   Code   RO         1211    .text               c_w.l(_snputc.o)
    0x080005d8   0x080005d8   0x000000bc   Code   RO         1213    .text               c_w.l(_printf_wctomb.o)
    0x08000694   0x08000694   0x0000007c   Code   RO         1216    .text               c_w.l(_printf_longlong_dec.o)
    0x08000710   0x08000710   0x00000070   Code   RO         1222    .text               c_w.l(_printf_oct_int_ll.o)
    0x08000780   0x08000780   0x00000094   Code   RO         1242    .text               c_w.l(_printf_hex_int_ll_ptr.o)
    0x08000814   0x08000814   0x00000188   Code   RO         1262    .text               c_w.l(__printf_flags_ss_wp.o)
    0x0800099c   0x0800099c   0x0000008a   Code   RO         1322    .text               c_w.l(lludiv10.o)
    0x08000a26   0x08000a26   0x000000b2   Code   RO         1324    .text               c_w.l(_printf_intcommon.o)
    0x08000ad8   0x08000ad8   0x0000041c   Code   RO         1326    .text               c_w.l(_printf_fp_dec.o)
    0x08000ef4   0x08000ef4   0x000002fc   Code   RO         1330    .text               c_w.l(_printf_fp_hex.o)
    0x080011f0   0x080011f0   0x0000002c   Code   RO         1335    .text               c_w.l(_printf_char.o)
    0x0800121c   0x0800121c   0x0000002c   Code   RO         1337    .text               c_w.l(_printf_wchar.o)
    0x08001248   0x08001248   0x00000048   Code   RO         1340    .text               c_w.l(_c16rtomb.o)
    0x08001290   0x08001290   0x0000004a   Code   RO         1346    .text               c_w.l(sys_stackheap_outer.o)
    0x080012da   0x080012da   0x00000002   PAD
    0x080012dc   0x080012dc   0x00000010   Code   RO         1348    .text               c_w.l(rt_ctype_table.o)
    0x080012ec   0x080012ec   0x00000008   Code   RO         1353    .text               c_w.l(rt_locale_intlibspace.o)
    0x080012f4   0x080012f4   0x00000080   Code   RO         1355    .text               c_w.l(_printf_fp_infnan.o)
    0x08001374   0x08001374   0x000000e4   Code   RO         1357    .text               c_w.l(bigflt0.o)
    0x08001458   0x08001458   0x00000012   Code   RO         1387    .text               c_w.l(exit.o)
    0x0800146a   0x0800146a   0x00000002   PAD
    0x0800146c   0x0800146c   0x00000008   Code   RO         1399    .text               c_w.l(libspace.o)
    0x08001474   0x08001474   0x00000004   PAD
    0x08001478   0x08001478   0x0000007c   Code   RO         1409    .text               c_w.l(strcmpv7em.o)
    0x080014f4   0x080014f4   0x0000000c   Code   RO         1471    .text               c_w.l(sys_exit.o)
    0x08001500   0x08001500   0x00000002   Code   RO         1486    .text               c_w.l(use_no_semi.o)
    0x08001502   0x08001502   0x00000000   Code   RO         1488    .text               c_w.l(indicate_semi.o)
    0x08001502   0x08001502   0x00000002   PAD
    0x08001504   0x08001504   0x00000002   Code   RO           79    .text.BusFault_Handler  stm32g4xx_it.o
    0x08001506   0x08001506   0x00000002   PAD
    0x08001508   0x08001508   0x00000004   Code   RO         1030    .text.CDC_Control_FS  usbd_cdc_if.o
    0x0800150c   0x0800150c   0x00000004   Code   RO         1028    .text.CDC_DeInit_FS  usbd_cdc_if.o
    0x08001510   0x08001510   0x0000002c   Code   RO         1026    .text.CDC_Init_FS   usbd_cdc_if.o
    0x0800153c   0x0800153c   0x0000001c   Code   RO         1032    .text.CDC_Receive_FS  usbd_cdc_if.o
    0x08001558   0x08001558   0x00000004   Code   RO         1034    .text.CDC_TransmitCplt_FS  usbd_cdc_if.o
    0x0800155c   0x0800155c   0x00000036   Code   RO         1036    .text.CDC_Transmit_FS  usbd_cdc_if.o
    0x08001592   0x08001592   0x00000002   PAD
    0x08001594   0x08001594   0x00000002   Code   RO           85    .text.DebugMon_Handler  stm32g4xx_it.o
    0x08001596   0x08001596   0x00000002   PAD
    0x08001598   0x08001598   0x0000000a   Code   RO           37    .text.Error_Handler  main.o
    0x080015a2   0x080015a2   0x00000002   PAD
    0x080015a4   0x080015a4   0x00000028   Code   RO          270    .text.HAL_Delay     stm32g4xx_hal.o
    0x080015cc   0x080015cc   0x000001aa   Code   RO          487    .text.HAL_GPIO_Init  stm32g4xx_hal_gpio.o
    0x08001776   0x08001776   0x00000002   PAD
    0x08001778   0x08001778   0x0000000c   Code   RO          493    .text.HAL_GPIO_WritePin  stm32g4xx_hal_gpio.o
    0x08001784   0x08001784   0x0000000c   Code   RO          262    .text.HAL_GetTick   stm32g4xx_hal.o
    0x08001790   0x08001790   0x0000001a   Code   RO          260    .text.HAL_IncTick   stm32g4xx_hal.o
    0x080017aa   0x080017aa   0x00000002   PAD
    0x080017ac   0x080017ac   0x0000001e   Code   RO          250    .text.HAL_Init      stm32g4xx_hal.o
    0x080017ca   0x080017ca   0x00000002   PAD
    0x080017cc   0x080017cc   0x0000004c   Code   RO          252    .text.HAL_InitTick  stm32g4xx_hal.o
    0x08001818   0x08001818   0x00000034   Code   RO          100    .text.HAL_MspInit   stm32g4xx_hal_msp.o
    0x0800184c   0x0800184c   0x00000026   Code   RO          713    .text.HAL_NVIC_EnableIRQ  stm32g4xx_hal_cortex.o
    0x08001872   0x08001872   0x00000002   PAD
    0x08001874   0x08001874   0x00000056   Code   RO          711    .text.HAL_NVIC_SetPriority  stm32g4xx_hal_cortex.o
    0x080018ca   0x080018ca   0x00000002   PAD
    0x080018cc   0x080018cc   0x00000020   Code   RO          709    .text.HAL_NVIC_SetPriorityGrouping  stm32g4xx_hal_cortex.o
    0x080018ec   0x080018ec   0x0000002a   Code   RO          190    .text.HAL_PCDEx_ActivateLPM  stm32g4xx_hal_pcd_ex.o
    0x08001916   0x08001916   0x00000002   PAD
    0x08001918   0x08001918   0x00000052   Code   RO          972    .text.HAL_PCDEx_LPM_Callback  usbd_conf.o
    0x0800196a   0x0800196a   0x00000002   PAD
    0x0800196c   0x0800196c   0x0000003a   Code   RO          180    .text.HAL_PCDEx_PMAConfig  stm32g4xx_hal_pcd_ex.o
    0x080019a6   0x080019a6   0x00000002   PAD
    0x080019a8   0x080019a8   0x00000014   Code   RO          926    .text.HAL_PCD_DataInStageCallback  usbd_conf.o
    0x080019bc   0x080019bc   0x00000016   Code   RO          924    .text.HAL_PCD_DataOutStageCallback  usbd_conf.o
    0x080019d2   0x080019d2   0x00000002   PAD
    0x080019d4   0x080019d4   0x00000050   Code   RO          152    .text.HAL_PCD_EP_Close  stm32g4xx_hal_pcd.o
    0x08001a24   0x08001a24   0x00000064   Code   RO          162    .text.HAL_PCD_EP_ClrStall  stm32g4xx_hal_pcd.o
    0x08001a88   0x08001a88   0x00000012   Code   RO          156    .text.HAL_PCD_EP_GetRxCount  stm32g4xx_hal_pcd.o
    0x08001a9a   0x08001a9a   0x00000002   PAD
    0x08001a9c   0x08001a9c   0x00000068   Code   RO          150    .text.HAL_PCD_EP_Open  stm32g4xx_hal_pcd.o
    0x08001b04   0x08001b04   0x00000032   Code   RO          154    .text.HAL_PCD_EP_Receive  stm32g4xx_hal_pcd.o
    0x08001b36   0x08001b36   0x00000002   PAD
    0x08001b38   0x08001b38   0x00000066   Code   RO          160    .text.HAL_PCD_EP_SetStall  stm32g4xx_hal_pcd.o
    0x08001b9e   0x08001b9e   0x00000002   PAD
    0x08001ba0   0x08001ba0   0x00000036   Code   RO          158    .text.HAL_PCD_EP_Transmit  stm32g4xx_hal_pcd.o
    0x08001bd6   0x08001bd6   0x00000002   PAD
    0x08001bd8   0x08001bd8   0x0000095e   Code   RO          120    .text.HAL_PCD_IRQHandler  stm32g4xx_hal_pcd.o
    0x08002536   0x08002536   0x00000002   PAD
    0x08002538   0x08002538   0x000000c6   Code   RO          108    .text.HAL_PCD_Init  stm32g4xx_hal_pcd.o
    0x080025fe   0x080025fe   0x00000002   PAD
    0x08002600   0x08002600   0x00000066   Code   RO          918    .text.HAL_PCD_MspInit  usbd_conf.o
    0x08002666   0x08002666   0x00000002   PAD
    0x08002668   0x08002668   0x00000024   Code   RO          930    .text.HAL_PCD_ResetCallback  usbd_conf.o
    0x0800268c   0x0800268c   0x00000028   Code   RO          934    .text.HAL_PCD_ResumeCallback  usbd_conf.o
    0x080026b4   0x080026b4   0x00000008   Code   RO          928    .text.HAL_PCD_SOFCallback  usbd_conf.o
    0x080026bc   0x080026bc   0x00000028   Code   RO          124    .text.HAL_PCD_SetAddress  stm32g4xx_hal_pcd.o
    0x080026e4   0x080026e4   0x0000000e   Code   RO          922    .text.HAL_PCD_SetupStageCallback  usbd_conf.o
    0x080026f2   0x080026f2   0x00000002   PAD
    0x080026f4   0x080026f4   0x0000002a   Code   RO          116    .text.HAL_PCD_Start  stm32g4xx_hal_pcd.o
    0x0800271e   0x0800271e   0x00000002   PAD
    0x08002720   0x08002720   0x00000026   Code   RO          932    .text.HAL_PCD_SuspendCallback  usbd_conf.o
    0x08002746   0x08002746   0x00000002   PAD
    0x08002748   0x08002748   0x00000126   Code   RO          629    .text.HAL_PWREx_ControlVoltageScaling  stm32g4xx_hal_pwr_ex.o
    0x0800286e   0x0800286e   0x00000002   PAD
    0x08002870   0x08002870   0x00000012   Code   RO          699    .text.HAL_PWREx_DisableUCPDDeadBattery  stm32g4xx_hal_pwr_ex.o
    0x08002882   0x08002882   0x00000002   PAD
    0x08002884   0x08002884   0x000002d6   Code   RO          368    .text.HAL_RCCEx_PeriphCLKConfig  stm32g4xx_hal_rcc_ex.o
    0x08002b5a   0x08002b5a   0x00000002   PAD
    0x08002b5c   0x08002b5c   0x00000314   Code   RO          334    .text.HAL_RCC_ClockConfig  stm32g4xx_hal_rcc.o
    0x08002e70   0x08002e70   0x000004b0   Code   RO          332    .text.HAL_RCC_OscConfig  stm32g4xx_hal_rcc.o
    0x08003320   0x08003320   0x000000e4   Code   RO          755    .text.HAL_SPI_Init  stm32g4xx_hal_spi.o
    0x08003404   0x08003404   0x00000064   Code   RO           60    .text.HAL_SPI_MspInit  spi.o
    0x08003468   0x08003468   0x0000023c   Code   RO          765    .text.HAL_SPI_Receive  stm32g4xx_hal_spi.o
    0x080036a4   0x080036a4   0x00000244   Code   RO          763    .text.HAL_SPI_Transmit  stm32g4xx_hal_spi.o
    0x080038e8   0x080038e8   0x000002e4   Code   RO          767    .text.HAL_SPI_TransmitReceive  stm32g4xx_hal_spi.o
    0x08003bcc   0x08003bcc   0x0000002c   Code   RO          721    .text.HAL_SYSTICK_Config  stm32g4xx_hal_cortex.o
    0x08003bf8   0x08003bf8   0x00000002   Code   RO           75    .text.HardFault_Handler  stm32g4xx_it.o
    0x08003bfa   0x08003bfa   0x00000002   PAD
    0x08003bfc   0x08003bfc   0x00000062   Code   RO          903    .text.MPU6500_Init  mpu6500.o
    0x08003c5e   0x08003c5e   0x00000002   PAD
    0x08003c60   0x08003c60   0x0000014c   Code   RO          907    .text.MPU6500_get_buffer  mpu6500.o
    0x08003dac   0x08003dac   0x000000c2   Code   RO           49    .text.MX_GPIO_Init  gpio.o
    0x08003e6e   0x08003e6e   0x00000002   PAD
    0x08003e70   0x08003e70   0x00000052   Code   RO           58    .text.MX_SPI1_Init  spi.o
    0x08003ec2   0x08003ec2   0x00000002   PAD
    0x08003ec4   0x08003ec4   0x00000072   Code   RO          990    .text.MX_USB_Device_Init  usb_device.o
    0x08003f36   0x08003f36   0x00000002   PAD
    0x08003f38   0x08003f38   0x00000002   Code   RO           77    .text.MemManage_Handler  stm32g4xx_it.o
    0x08003f3a   0x08003f3a   0x00000002   PAD
    0x08003f3c   0x08003f3c   0x00000002   Code   RO           73    .text.NMI_Handler   stm32g4xx_it.o
    0x08003f3e   0x08003f3e   0x00000002   PAD
    0x08003f40   0x08003f40   0x00000002   Code   RO           87    .text.PendSV_Handler  stm32g4xx_it.o
    0x08003f42   0x08003f42   0x00000002   PAD
    0x08003f44   0x08003f44   0x00000186   Code   RO          817    .text.SPI_WaitFifoStateUntilTimeout  stm32g4xx_hal_spi.o
    0x080040ca   0x080040ca   0x00000002   PAD
    0x080040cc   0x080040cc   0x000000ce   Code   RO          819    .text.SPI_WaitFlagStateUntilTimeout  stm32g4xx_hal_spi.o
    0x0800419a   0x0800419a   0x00000002   PAD
    0x0800419c   0x0800419c   0x00000002   Code   RO           83    .text.SVC_Handler   stm32g4xx_it.o
    0x0800419e   0x0800419e   0x00000002   PAD
    0x080041a0   0x080041a0   0x00000004   Code   RO           89    .text.SysTick_Handler  stm32g4xx_it.o
    0x080041a4   0x080041a4   0x00000078   Code   RO           35    .text.SystemClock_Config  main.o
    0x0800421c   0x0800421c   0x00000012   Code   RO          882    .text.SystemInit    system_stm32g4xx.o
    0x0800422e   0x0800422e   0x00000002   PAD
    0x08004230   0x08004230   0x00000024   Code   RO         1009    .text.USBD_CDC_ConfigStrDescriptor  usbd_desc.o
    0x08004254   0x08004254   0x0000006e   Code   RO         1148    .text.USBD_CDC_DataIn  usbd_cdc.o
    0x080042c2   0x080042c2   0x00000002   PAD
    0x080042c4   0x080042c4   0x0000002c   Code   RO         1150    .text.USBD_CDC_DataOut  usbd_cdc.o
    0x080042f0   0x080042f0   0x00000042   Code   RO         1142    .text.USBD_CDC_DeInit  usbd_cdc.o
    0x08004332   0x08004332   0x00000002   PAD
    0x08004334   0x08004334   0x0000000e   Code   RO          999    .text.USBD_CDC_DeviceDescriptor  usbd_desc.o
    0x08004342   0x08004342   0x00000002   PAD
    0x08004344   0x08004344   0x00000034   Code   RO         1146    .text.USBD_CDC_EP0_RxReady  usbd_cdc.o
    0x08004378   0x08004378   0x00000010   Code   RO         1158    .text.USBD_CDC_GetDeviceQualifierDescriptor  usbd_cdc.o
    0x08004388   0x08004388   0x00000010   Code   RO         1154    .text.USBD_CDC_GetFSCfgDesc  usbd_cdc.o
    0x08004398   0x08004398   0x00000010   Code   RO         1152    .text.USBD_CDC_GetHSCfgDesc  usbd_cdc.o
    0x080043a8   0x080043a8   0x00000010   Code   RO         1156    .text.USBD_CDC_GetOtherSpeedCfgDesc  usbd_cdc.o
    0x080043b8   0x080043b8   0x00000098   Code   RO         1140    .text.USBD_CDC_Init  usbd_cdc.o
    0x08004450   0x08004450   0x00000028   Code   RO         1011    .text.USBD_CDC_InterfaceStrDescriptor  usbd_desc.o
    0x08004478   0x08004478   0x0000000e   Code   RO         1001    .text.USBD_CDC_LangIDStrDescriptor  usbd_desc.o
    0x08004486   0x08004486   0x00000002   PAD
    0x08004488   0x08004488   0x0000002c   Code   RO         1003    .text.USBD_CDC_ManufacturerStrDescriptor  usbd_desc.o
    0x080044b4   0x080044b4   0x00000030   Code   RO         1005    .text.USBD_CDC_ProductStrDescriptor  usbd_desc.o
    0x080044e4   0x080044e4   0x0000002c   Code   RO         1168    .text.USBD_CDC_ReceivePacket  usbd_cdc.o
    0x08004510   0x08004510   0x0000000e   Code   RO         1160    .text.USBD_CDC_RegisterInterface  usbd_cdc.o
    0x0800451e   0x0800451e   0x00000002   PAD
    0x08004520   0x08004520   0x0000016c   Code   RO         1007    .text.USBD_CDC_SerialStrDescriptor  usbd_desc.o
    0x0800468c   0x0800468c   0x00000012   Code   RO         1164    .text.USBD_CDC_SetRxBuffer  usbd_cdc.o
    0x0800469e   0x0800469e   0x00000002   PAD
    0x080046a0   0x080046a0   0x00000016   Code   RO         1162    .text.USBD_CDC_SetTxBuffer  usbd_cdc.o
    0x080046b6   0x080046b6   0x00000002   PAD
    0x080046b8   0x080046b8   0x000000f0   Code   RO         1144    .text.USBD_CDC_Setup  usbd_cdc.o
    0x080047a8   0x080047a8   0x00000036   Code   RO         1166    .text.USBD_CDC_TransmitPacket  usbd_cdc.o
    0x080047de   0x080047de   0x00000002   PAD
    0x080047e0   0x080047e0   0x00000010   Code   RO         1063    .text.USBD_ClrClassConfig  usbd_core.o
    0x080047f0   0x080047f0   0x00000010   Code   RO         1124    .text.USBD_CtlContinueRx  usbd_ioreq.o
    0x08004800   0x08004800   0x00000010   Code   RO         1120    .text.USBD_CtlContinueSendData  usbd_ioreq.o
    0x08004810   0x08004810   0x00000016   Code   RO         1099    .text.USBD_CtlError  usbd_ctlreq.o
    0x08004826   0x08004826   0x00000002   PAD
    0x08004828   0x08004828   0x0000001a   Code   RO         1122    .text.USBD_CtlPrepareRx  usbd_ioreq.o
    0x08004842   0x08004842   0x00000002   PAD
    0x08004844   0x08004844   0x00000016   Code   RO         1128    .text.USBD_CtlReceiveStatus  usbd_ioreq.o
    0x0800485a   0x0800485a   0x00000002   PAD
    0x0800485c   0x0800485c   0x0000001a   Code   RO         1118    .text.USBD_CtlSendData  usbd_ioreq.o
    0x08004876   0x08004876   0x00000002   PAD
    0x08004878   0x08004878   0x00000016   Code   RO         1126    .text.USBD_CtlSendStatus  usbd_ioreq.o
    0x0800488e   0x0800488e   0x00000002   PAD
    0x08004890   0x08004890   0x000000da   Code   RO         1107    .text.USBD_GetString  usbd_ctlreq.o
    0x0800496a   0x0800496a   0x00000002   PAD
    0x0800496c   0x0800496c   0x0000002a   Code   RO         1049    .text.USBD_Init     usbd_core.o
    0x08004996   0x08004996   0x00000002   PAD
    0x08004998   0x08004998   0x00000022   Code   RO          960    .text.USBD_LL_ClearStallEP  usbd_conf.o
    0x080049ba   0x080049ba   0x00000002   PAD
    0x080049bc   0x080049bc   0x00000022   Code   RO          954    .text.USBD_LL_CloseEP  usbd_conf.o
    0x080049de   0x080049de   0x00000002   PAD
    0x080049e0   0x080049e0   0x000000a8   Code   RO         1069    .text.USBD_LL_DataInStage  usbd_core.o
    0x08004a88   0x08004a88   0x0000006e   Code   RO         1067    .text.USBD_LL_DataOutStage  usbd_core.o
    0x08004af6   0x08004af6   0x00000002   PAD
    0x08004af8   0x08004af8   0x00000008   Code   RO          970    .text.USBD_LL_GetRxDataSize  usbd_conf.o
    0x08004b00   0x08004b00   0x0000008a   Code   RO          944    .text.USBD_LL_Init  usbd_conf.o
    0x08004b8a   0x08004b8a   0x00000002   PAD
    0x08004b8c   0x08004b8c   0x00000022   Code   RO          962    .text.USBD_LL_IsStallEP  usbd_conf.o
    0x08004bae   0x08004bae   0x00000002   PAD
    0x08004bb0   0x08004bb0   0x00000028   Code   RO          952    .text.USBD_LL_OpenEP  usbd_conf.o
    0x08004bd8   0x08004bd8   0x00000022   Code   RO          968    .text.USBD_LL_PrepareReceive  usbd_conf.o
    0x08004bfa   0x08004bfa   0x00000002   PAD
    0x08004bfc   0x08004bfc   0x00000068   Code   RO         1071    .text.USBD_LL_Reset  usbd_core.o
    0x08004c64   0x08004c64   0x00000014   Code   RO         1077    .text.USBD_LL_Resume  usbd_core.o
    0x08004c78   0x08004c78   0x00000020   Code   RO         1079    .text.USBD_LL_SOF   usbd_core.o
    0x08004c98   0x08004c98   0x00000008   Code   RO         1073    .text.USBD_LL_SetSpeed  usbd_core.o
    0x08004ca0   0x08004ca0   0x00000022   Code   RO          964    .text.USBD_LL_SetUSBAddress  usbd_conf.o
    0x08004cc2   0x08004cc2   0x00000002   PAD
    0x08004cc4   0x08004cc4   0x00000062   Code   RO         1065    .text.USBD_LL_SetupStage  usbd_core.o
    0x08004d26   0x08004d26   0x00000002   PAD
    0x08004d28   0x08004d28   0x00000022   Code   RO          958    .text.USBD_LL_StallEP  usbd_conf.o
    0x08004d4a   0x08004d4a   0x00000002   PAD
    0x08004d4c   0x08004d4c   0x00000022   Code   RO          948    .text.USBD_LL_Start  usbd_conf.o
    0x08004d6e   0x08004d6e   0x00000002   PAD
    0x08004d70   0x08004d70   0x00000014   Code   RO         1075    .text.USBD_LL_Suspend  usbd_core.o
    0x08004d84   0x08004d84   0x00000022   Code   RO          966    .text.USBD_LL_Transmit  usbd_conf.o
    0x08004da6   0x08004da6   0x00000002   PAD
    0x08004da8   0x08004da8   0x00000016   Code   RO         1105    .text.USBD_ParseSetupRequest  usbd_ctlreq.o
    0x08004dbe   0x08004dbe   0x00000002   PAD
    0x08004dc0   0x08004dc0   0x0000002e   Code   RO         1053    .text.USBD_RegisterClass  usbd_core.o
    0x08004dee   0x08004dee   0x00000002   PAD
    0x08004df0   0x08004df0   0x00000010   Code   RO         1061    .text.USBD_SetClassConfig  usbd_core.o
    0x08004e00   0x08004e00   0x00000004   Code   RO         1055    .text.USBD_Start    usbd_core.o
    0x08004e04   0x08004e04   0x00000374   Code   RO         1097    .text.USBD_StdDevReq  usbd_ctlreq.o
    0x08005178   0x08005178   0x00000146   Code   RO         1103    .text.USBD_StdEPReq  usbd_ctlreq.o
    0x080052be   0x080052be   0x00000002   PAD
    0x080052c0   0x080052c0   0x0000007a   Code   RO         1101    .text.USBD_StdItfReq  usbd_ctlreq.o
    0x0800533a   0x0800533a   0x00000002   PAD
    0x0800533c   0x0800533c   0x00000002   Code   RO          978    .text.USBD_static_free  usbd_conf.o
    0x0800533e   0x0800533e   0x00000002   PAD
    0x08005340   0x08005340   0x0000000a   Code   RO          976    .text.USBD_static_malloc  usbd_conf.o
    0x0800534a   0x0800534a   0x00000002   PAD
    0x0800534c   0x0800534c   0x00000226   Code   RO          214    .text.USB_ActivateEndpoint  stm32g4xx_ll_usb.o
    0x08005572   0x08005572   0x00000002   PAD
    0x08005574   0x08005574   0x000000e2   Code   RO          216    .text.USB_DeactivateEndpoint  stm32g4xx_ll_usb.o
    0x08005656   0x08005656   0x00000002   PAD
    0x08005658   0x08005658   0x00000012   Code   RO          230    .text.USB_DevConnect  stm32g4xx_ll_usb.o
    0x0800566a   0x0800566a   0x00000002   PAD
    0x0800566c   0x0800566c   0x0000001a   Code   RO          212    .text.USB_DevInit   stm32g4xx_ll_usb.o
    0x08005686   0x08005686   0x00000002   PAD
    0x08005688   0x08005688   0x00000014   Code   RO          208    .text.USB_DisableGlobalInt  stm32g4xx_ll_usb.o
    0x0800569c   0x0800569c   0x0000007c   Code   RO          224    .text.USB_EPClearStall  stm32g4xx_ll_usb.o
    0x08005718   0x08005718   0x00000032   Code   RO          222    .text.USB_EPSetStall  stm32g4xx_ll_usb.o
    0x0800574a   0x0800574a   0x00000002   PAD
    0x0800574c   0x0800574c   0x0000083a   Code   RO          218    .text.USB_EPStartXfer  stm32g4xx_ll_usb.o
    0x08005f86   0x08005f86   0x00000002   PAD
    0x08005f88   0x08005f88   0x00000014   Code   RO          206    .text.USB_EnableGlobalInt  stm32g4xx_ll_usb.o
    0x08005f9c   0x08005f9c   0x0000000c   Code   RO           91    .text.USB_LP_IRQHandler  stm32g4xx_it.o
    0x08005fa8   0x08005fa8   0x00000006   Code   RO          234    .text.USB_ReadInterrupts  stm32g4xx_ll_usb.o
    0x08005fae   0x08005fae   0x00000002   PAD
    0x08005fb0   0x08005fb0   0x0000009c   Code   RO          240    .text.USB_ReadPMA   stm32g4xx_ll_usb.o
    0x0800604c   0x0800604c   0x0000000e   Code   RO          228    .text.USB_SetDevAddress  stm32g4xx_ll_usb.o
    0x0800605a   0x0800605a   0x00000002   PAD
    0x0800605c   0x0800605c   0x00000082   Code   RO          220    .text.USB_WritePMA  stm32g4xx_ll_usb.o
    0x080060de   0x080060de   0x00000002   PAD
    0x080060e0   0x080060e0   0x00000002   Code   RO           81    .text.UsageFault_Handler  stm32g4xx_it.o
    0x080060e2   0x080060e2   0x00000002   PAD
    0x080060e4   0x080060e4   0x00000002   Code   RO           13    .text.hal_spi_init  main.o
    0x080060e6   0x080060e6   0x00000002   PAD
    0x080060e8   0x080060e8   0x00000052   Code   RO           15    .text.hal_spi_read  main.o
    0x0800613a   0x0800613a   0x00000002   PAD
    0x0800613c   0x0800613c   0x0000004e   Code   RO           17    .text.hal_spi_write  main.o
    0x0800618a   0x0800618a   0x00000006   PAD
    0x08006190   0x08006190   0x000001f0   Code   RO           33    .text.main          main.o
    0x08006380   0x08006380   0x00000004   Code   RO           11    .text.mpu6500_delay_ms  main.o
    0x08006384   0x08006384   0x0000003e   Code   RO           27    .text.usb_printf    main.o
    0x080063c2   0x080063c2   0x0000003e   Code   RO         1360    CL$$btod_d2e        c_w.l(btod.o)
    0x08006400   0x08006400   0x00000046   Code   RO         1362    CL$$btod_d2e_denorm_low  c_w.l(btod.o)
    0x08006446   0x08006446   0x00000060   Code   RO         1361    CL$$btod_d2e_norm_op1  c_w.l(btod.o)
    0x080064a6   0x080064a6   0x00000002   PAD
    0x080064a8   0x080064a8   0x00000338   Code   RO         1370    CL$$btod_div_common  c_w.l(btod.o)
    0x080067e0   0x080067e0   0x000000dc   Code   RO         1367    CL$$btod_e2e        c_w.l(btod.o)
    0x080068bc   0x080068bc   0x0000002a   Code   RO         1364    CL$$btod_ediv       c_w.l(btod.o)
    0x080068e6   0x080068e6   0x0000002a   Code   RO         1363    CL$$btod_emul       c_w.l(btod.o)
    0x08006910   0x08006910   0x00000244   Code   RO         1369    CL$$btod_mult_common  c_w.l(btod.o)
    0x08006b54   0x08006b54   0x00000030   Code   RO         1397    i.__ARM_fpclassify  m_wm.l(fpclassify.o)
    0x08006b84   0x08006b84   0x0000000e   Code   RO         1255    i._is_digit         c_w.l(__printf_wp.o)
    0x08006b92   0x08006b92   0x00000002   PAD
    0x08006b94   0x08006b94   0x0000002c   Code   RO         1385    locale$$code        c_w.l(lc_numeric_c.o)
    0x08006bc0   0x08006bc0   0x0000002c   Code   RO         1407    locale$$code        c_w.l(lc_ctype_c.o)
    0x08006bec   0x08006bec   0x00000018   Code   RO         1342    x$fpl$dcmpinf       fz_wm.l(dcmpi.o)
    0x08006c04   0x08006c04   0x00000078   Code   RO         1288    x$fpl$deqf          fz_wm.l(deqf.o)
    0x08006c7c   0x08006c7c   0x00000078   Code   RO         1290    x$fpl$dgeqf         fz_wm.l(dgeqf.o)
    0x08006cf4   0x08006cf4   0x00000078   Code   RO         1292    x$fpl$dleqf         fz_wm.l(dleqf.o)
    0x08006d6c   0x08006d6c   0x0000009c   Code   RO         1344    x$fpl$dnaninf       fz_wm.l(dnaninf.o)
    0x08006e08   0x08006e08   0x0000000c   Code   RO         1294    x$fpl$dretinf       fz_wm.l(dretinf.o)
    0x08006e14   0x08006e14   0x00000056   Code   RO         1194    x$fpl$f2d           fz_wm.l(f2d.o)
    0x08006e6a   0x08006e6a   0x00000054   Code   RO         1192    x$fpl$fcmp          fz_wm.l(dcmp.o)
    0x08006ebe   0x08006ebe   0x0000008c   Code   RO         1296    x$fpl$fnaninf       fz_wm.l(fnaninf.o)
    0x08006f4a   0x08006f4a   0x0000001a   Code   RO         1469    x$fpl$fpinit        fz_wm.l(fpinit.o)
    0x08006f64   0x08006f64   0x00000004   Code   RO         1298    x$fpl$printf1       fz_wm.l(printf1.o)
    0x08006f68   0x08006f68   0x00000004   Code   RO         1300    x$fpl$printf2       fz_wm.l(printf2.o)
    0x08006f6c   0x08006f6c   0x00000000   Code   RO         1306    x$fpl$usenofp       fz_wm.l(usenofp.o)
    0x08006f6c   0x08006f6c   0x00000008   Data   RO         1214    .constdata          c_w.l(_printf_wctomb.o)
    0x08006f74   0x08006f74   0x00000028   Data   RO         1243    .constdata          c_w.l(_printf_hex_int_ll_ptr.o)
    0x08006f9c   0x08006f9c   0x00000011   Data   RO         1263    .constdata          c_w.l(__printf_flags_ss_wp.o)
    0x08006fad   0x08006fad   0x00000026   Data   RO         1331    .constdata          c_w.l(_printf_fp_hex.o)
    0x08006fd3   0x08006fd3   0x00000001   PAD
    0x08006fd4   0x08006fd4   0x00000094   Data   RO         1358    .constdata          c_w.l(bigflt0.o)
    0x08007068   0x08007068   0x00000010   Data   RO          887    .rodata.AHBPrescTable  system_stm32g4xx.o
    0x08007078   0x08007078   0x00000020   Data   RO         1544    Region$$Table       anon$$obj.o
    0x08007098   0x08007098   0x0000001c   Data   RO         1384    locale$$data        c_w.l(lc_numeric_c.o)
    0x080070b4   0x080070b4   0x00000110   Data   RO         1406    locale$$data        c_w.l(lc_ctype_c.o)


    Execution Region RW_IRAM1 (Exec base: 0x20000000, Load base: 0x080071c8, Size: 0x00002858, Max: 0x00020000, ABSOLUTE, COMPRESSED[0x000000c8])

    Exec Addr    Load Addr    Size         Type   Attr      Idx    E Section Name        Object

    0x20000000   COMPRESSED   0x00000008   Data   RW          321    .data..L_MergedGlobals  stm32g4xx_hal.o
    0x20000008   COMPRESSED   0x00000020   Data   RW         1013    .data.CDC_Desc      usbd_desc.o
    0x20000028   COMPRESSED   0x00000004   Data   RW          886    .data.SystemCoreClock  system_stm32g4xx.o
    0x2000002c   COMPRESSED   0x00000038   Data   RW         1170    .data.USBD_CDC      usbd_cdc.o
    0x20000064   COMPRESSED   0x00000043   Data   RW         1172    .data.USBD_CDC_CfgFSDesc  usbd_cdc.o
    0x200000a7   COMPRESSED   0x00000001   PAD
    0x200000a8   COMPRESSED   0x00000043   Data   RW         1173    .data.USBD_CDC_CfgHSDesc  usbd_cdc.o
    0x200000eb   COMPRESSED   0x00000001   PAD
    0x200000ec   COMPRESSED   0x00000012   Data   RW         1014    .data.USBD_CDC_DeviceDesc  usbd_desc.o
    0x200000fe   COMPRESSED   0x00000002   PAD
    0x20000100   COMPRESSED   0x0000000a   Data   RW         1171    .data.USBD_CDC_DeviceQualifierDesc  usbd_cdc.o
    0x2000010a   COMPRESSED   0x00000002   PAD
    0x2000010c   COMPRESSED   0x00000043   Data   RW         1174    .data.USBD_CDC_OtherSpeedCfgDesc  usbd_cdc.o
    0x2000014f   COMPRESSED   0x00000001   PAD
    0x20000150   COMPRESSED   0x00000014   Data   RW         1038    .data.USBD_Interface_fops_FS  usbd_cdc_if.o
    0x20000164   COMPRESSED   0x00000004   Data   RW         1015    .data.USBD_LangIDDesc  usbd_desc.o
    0x20000168   COMPRESSED   0x0000001a   Data   RW         1016    .data.USBD_StringSerial  usbd_desc.o
    0x20000182   COMPRESSED   0x00000006   PAD
    0x20000188        -       0x00000060   Zero   RW         1400    .bss                c_w.l(libspace.o)
    0x200001e8        -       0x00000008   Zero   RW           40    .bss..L_MergedGlobals  main.o
    0x200001f0        -       0x00000018   Zero   RW          909    .bss..L_MergedGlobals  mpu6500.o
    0x20000208        -       0x00000001   Zero   RW         1109    .bss.USBD_SetConfig.cfgidx  usbd_ctlreq.o
    0x20000209   COMPRESSED   0x00000003   PAD
    0x2000020c        -       0x00000200   Zero   RW         1017    .bss.USBD_StrDesc   usbd_desc.o
    0x2000040c        -       0x00000220   Zero   RW          981    .bss.USBD_static_malloc.mem  usbd_conf.o
    0x2000062c        -       0x00000800   Zero   RW         1039    .bss.UserRxBufferFS  usbd_cdc_if.o
    0x20000e2c        -       0x00000800   Zero   RW         1040    .bss.UserTxBufferFS  usbd_cdc_if.o
    0x2000162c        -       0x000002d0   Zero   RW          992    .bss.hUsbDeviceFS   usb_device.o
    0x200018fc        -       0x000002f4   Zero   RW          980    .bss.hpcd_USB_FS    usbd_conf.o
    0x20001bf0        -       0x00000064   Zero   RW           64    .bss.hspi1          spi.o
    0x20001c54        -       0x00000004   Zero   RW          320    .bss.uwTick         stm32g4xx_hal.o
    0x20001c58        -       0x00000400   Zero   RW            2    HEAP                startup_stm32g474xx.o
    0x20002058        -       0x00000800   Zero   RW            1    STACK               startup_stm32g474xx.o


==============================================================================

Image component sizes


      Code (inc. data)   RO Data    RW Data    ZI Data      Debug   Object Name

       194          0          0          0          0       2390   gpio.o
       854         72          0          0          8       6488   main.o
       430          8          0          0         24       3391   mpu6500.o
       182          0          0          0        100       5624   spi.o
        64         26        472          0       3072        828   startup_stm32g474xx.o
       184          0          0          8          4       9262   stm32g4xx_hal.o
       200          0          0          0          0      10904   stm32g4xx_hal_cortex.o
       438          0          0          0          0       5225   stm32g4xx_hal_gpio.o
        52          0          0          0          0       1732   stm32g4xx_hal_msp.o
      3186          0          0          0          0      15549   stm32g4xx_hal_pcd.o
       100          0          0          0          0       5681   stm32g4xx_hal_pcd_ex.o
       312          0          0          0          0       9512   stm32g4xx_hal_pwr_ex.o
      1988          0          0          0          0      10074   stm32g4xx_hal_rcc.o
       726          0          0          0          0      11147   stm32g4xx_hal_rcc_ex.o
      2716          0          0          0          0      26873   stm32g4xx_hal_spi.o
        32          0          0          0          0       3894   stm32g4xx_it.o
      3446          6          0          0          0      20462   stm32g4xx_ll_usb.o
        18          0         16          4          0       2759   system_stm32g4xx.o
       114          0          0          0        720       3066   usb_device.o
       880         12          0        267          0      10639   usbd_cdc.o
       138          0          0         20       4096       4790   usbd_cdc_if.o
       832          0          0          0       1300      19384   usbd_conf.o
       684          0          0          0          0       8425   usbd_core.o
      1594         44          0          0          1      10000   usbd_ctlreq.o
       560         72          0         80        512       4315   usbd_desc.o
       128          0          0          0          0       4602   usbd_ioreq.o

    ----------------------------------------------------------------------
     20222        240        520        388       9844     217016   Object Totals
         0          0         32          0          0          0   (incl. Generated)
       170          0          0          9          7          0   (incl. Padding)

    ----------------------------------------------------------------------

      Code (inc. data)   RO Data    RW Data    ZI Data      Debug   Library Member Name

        90          0          0          0          0          0   __dczerorl2.o
         8          0          0          0          0         68   __main.o
       392          4         17          0          0         92   __printf_flags_ss_wp.o
        14          0          0          0          0         68   __printf_wp.o
         0          0          0          0          0          0   __rtentry.o
        12          0          0          0          0          0   __rtentry2.o
         6          0          0          0          0          0   __rtentry4.o
        52          8          0          0          0          0   __scatter.o
        28          0          0          0          0          0   __scatter_zi.o
        72          0          0          0          0         96   _c16rtomb.o
         6          0          0          0          0          0   _printf_a.o
         6          0          0          0          0          0   _printf_c.o
        44          0          0          0          0        108   _printf_char.o
        48          6          0          0          0         96   _printf_char_common.o
        40          0          0          0          0         68   _printf_charcount.o
         6          0          0          0          0          0   _printf_d.o
       120         16          0          0          0         92   _printf_dec.o
         6          0          0          0          0          0   _printf_e.o
         6          0          0          0          0          0   _printf_f.o
      1052          0          0          0          0        148   _printf_fp_dec.o
       764          8         38          0          0        100   _printf_fp_hex.o
       128         16          0          0          0         84   _printf_fp_infnan.o
         6          0          0          0          0          0   _printf_g.o
       148          4         40          0          0        160   _printf_hex_int_ll_ptr.o
         6          0          0          0          0          0   _printf_i.o
       178          0          0          0          0         88   _printf_intcommon.o
        10          0          0          0          0          0   _printf_l.o
         6          0          0          0          0          0   _printf_lc.o
        10          0          0          0          0          0   _printf_ll.o
         6          0          0          0          0          0   _printf_lld.o
         6          0          0          0          0          0   _printf_lli.o
         6          0          0          0          0          0   _printf_llo.o
         6          0          0          0          0          0   _printf_llu.o
         6          0          0          0          0          0   _printf_llx.o
       124         16          0          0          0         92   _printf_longlong_dec.o
         6          0          0          0          0          0   _printf_ls.o
         6          0          0          0          0          0   _printf_n.o
         6          0          0          0          0          0   _printf_o.o
       112          8          0          0          0        124   _printf_oct_int_ll.o
         6          0          0          0          0          0   _printf_p.o
        78          0          0          0          0        108   _printf_pad.o
         0          0          0          0          0          0   _printf_percent.o
         4          0          0          0          0          0   _printf_percent_end.o
         6          0          0          0          0          0   _printf_s.o
        82          0          0          0          0         80   _printf_str.o
        36          0          0          0          0         84   _printf_truncate.o
         6          0          0          0          0          0   _printf_u.o
        44          0          0          0          0        108   _printf_wchar.o
       188          6          8          0          0         92   _printf_wctomb.o
         6          0          0          0          0          0   _printf_x.o
        16          0          0          0          0         68   _snputc.o
       228          4        148          0          0         96   bigflt0.o
      1936        128          0          0          0        668   btod.o
        18          0          0          0          0         80   exit.o
         6          0          0          0          0        152   heapauxi.o
         0          0          0          0          0          0   indicate_semi.o
        44         10        272          0          0         76   lc_ctype_c.o
        44         10         28          0          0         76   lc_numeric_c.o
         2          0          0          0          0          0   libinit.o
        34          0          0          0          0          0   libinit2.o
         2          0          0          0          0          0   libshutdown.o
         2          0          0          0          0          0   libshutdown2.o
         8          4          0          0         96         68   libspace.o
       138          0          0          0          0         80   lludiv10.o
        16          4          0          0          0         76   rt_ctype_table.o
         8          4          0          0          0         68   rt_locale_intlibspace.o
        78          0          0          0          0         80   rt_memclr_w.o
         2          0          0          0          0          0   rtexit.o
        10          0          0          0          0          0   rtexit2.o
       124          0          0          0          0         88   strcmpv7em.o
        12          4          0          0          0         68   sys_exit.o
        74          0          0          0          0         80   sys_stackheap_outer.o
         2          0          0          0          0         68   use_no_semi.o
        60          4          0          0          0         80   vsnprintf.o
        84          0          0          0          0        244   dcmp.o
        24          0          0          0          0        116   dcmpi.o
       120          4          0          0          0        140   deqf.o
       120          4          0          0          0        140   dgeqf.o
       120          4          0          0          0        140   dleqf.o
       156          4          0          0          0        140   dnaninf.o
        12          0          0          0          0        116   dretinf.o
        86          4          0          0          0        132   f2d.o
       140          4          0          0          0        132   fnaninf.o
        26          0          0          0          0        116   fpinit.o
         4          0          0          0          0        116   printf1.o
         4          0          0          0          0        116   printf2.o
         0          0          0          0          0          0   usenofp.o
        48          0          0          0          0        124   fpclassify.o

    ----------------------------------------------------------------------
      7830        292        552          0         96       5700   Library Totals
        18          4          1          0          0          0   (incl. Padding)

    ----------------------------------------------------------------------

      Code (inc. data)   RO Data    RW Data    ZI Data      Debug   Library Name

      6868        264        551          0         96       3928   c_w.l
       896         24          0          0          0       1648   fz_wm.l
        48          0          0          0          0        124   m_wm.l

    ----------------------------------------------------------------------
      7830        292        552          0         96       5700   Library Totals

    ----------------------------------------------------------------------

==============================================================================


      Code (inc. data)   RO Data    RW Data    ZI Data      Debug   

     28052        532       1072        388       9940     219056   Grand Totals
     28052        532       1072        200       9940     219056   ELF Image Totals (compressed)
     28052        532       1072        200          0          0   ROM Totals

==============================================================================

    Total RO  Size (Code + RO Data)                29124 (  28.44kB)
    Total RW  Size (RW Data + ZI Data)             10328 (  10.09kB)
    Total ROM Size (Code + RO Data + RW Data)      29324 (  28.64kB)

==============================================================================

